################################################################################
#                                                                              #
#      IAR Universal Linker V6.3.2.73                                          #
#                                                                              #
#           Link time     =  23/Nov/2015  18:46:58                             #
#           Target CPU    =  MSP430                                            #
#           List file     =  D:\gsme2-rep\Debug\List\gsme2.map                 #
#           Output file 1 =  D:\gsme2-rep\Debug\Exe\gsme2.d43                  #
#                            Format: ubrof10                                   #
#                            UBROF version 10.0.6                              #
#                            Using library modules for C-SPY (-rt)             #
#           Command line  =  D:\gsme2-rep\Debug\Obj\delay.r43                  #
#                            D:\gsme2-rep\Debug\Obj\loads.r43                  #
#                            D:\gsme2-rep\Debug\Obj\main.r43                   #
#                            D:\gsme2-rep\Debug\Obj\msp430_flash.r43           #
#                            D:\gsme2-rep\Debug\Obj\msp430_uart.r43            #
#                            D:\gsme2-rep\Debug\Obj\powmeas.r43                #
#                            D:\gsme2-rep\Debug\Obj\sim900.r43                 #
#                            D:\gsme2-rep\Debug\Obj\sms_queue.r43              #
#                            D:\gsme2-rep\Debug\Obj\smspool.r43                #
#                            D:\gsme2-rep\Debug\Obj\teldir.r43                 #
#                            D:\gsme2-rep\Debug\Obj\ucs2.r43 -o                #
#                            D:\gsme2-rep\Debug\Exe\gsme2.d43 -l               #
#                            D:\gsme2-rep\Debug\List\gsme2.map -xms            #
#                            "-IC:\Program Files (x86)\IAR Systems\Embedded Wo #
#                            rkbench 7.2\430\LIB\"                             #
#                            -f                                                #
#                            "C:\Program Files (x86)\IAR Systems\Embedded Work #
#                            bench 7.2\430\config\linker\lnk430f5508.xcl"      #
#                            (-cmsp430 -QCODE_I=CODE_ID -QTLS16_I=TLS16_ID     #
#                            -D__iar_HWMUL=4C0 -Z(CONST)INFO=1800-19FF         #
#                            -Z(CONST)INFOA=1980-19FF                          #
#                            -Z(CONST)INFOB=1900-197F                          #
#                            -Z(CONST)INFOC=1880-18FF                          #
#                            -Z(CONST)INFOD=1800-187F                          #
#                            -Z(DATA)DATA16_I,DATA16_Z,DATA16_N,TLS16_I=2400-3 #
#                            3FF                                               #
#                            -Z(DATA)DATA16_HEAP+_DATA16_HEAP_SIZE             #
#                            -Z(DATA)CODE_I                                    #
#                            -Z(DATA)DATA20_I,DATA20_Z,DATA20_N,DATA20_HEAP+_D #
#                            ATA20_HEAP_SIZE                                   #
#                            -Z(DATA)CSTACK+_STACK_SIZE#                       #
#                            -Z(CONST)DATA16_C,DATA16_ID,TLS16_ID,DIFUNCT,CHEC #
#                            KSUM=C000-FF7F                                    #
#                            -Z(CONST)DATA20_C,DATA20_ID                       #
#                            -Z(CODE)CSTART,ISR_CODE,CODE_ID=C000-FF7F         #
#                            -P(CODE)CODE,CODE16=C000-FF7F                     #
#                            -Z(CODE)INTVEC=FF80-FFFF                          #
#                            -Z(CODE)RESET=FFFE-FFFF) -f                       #
#                            "C:\Program Files (x86)\IAR Systems\Embedded Work #
#                            bench 7.2\430\config\linker\multiplier32.xcl"     #
#                            (-e?Mul8Hw=?Mul8 -e?Mul16Hw=?Mul16                #
#                            -e?Mul16to32uHw=?Mul16to32u                       #
#                            -e?Mul16to32sHw=?Mul16to32s -e?Mul32Hw32=?Mul32   #
#                            -e?Mul64Hw32=_Mul64i                              #
#                            -e?Mul32u32uto64iHw32=_Mul32u32uto64i             #
#                            -e?Mul32fHw=_Mul32f -e_Mul64fHwPtr=_Mul64fPtr)    #
#                            -D_STACK_SIZE=A0 -rt                              #
#                            "C:\Program Files (x86)\IAR Systems\Embedded Work #
#                            bench 7.2\430\lib\dlib\dl430xlsfn.r43"            #
#                            -e_PrintfLarge=_Printf -e_ScanfLarge=_Scanf       #
#                            -D_DATA16_HEAP_SIZE=A0 -s __program_start         #
#                            -D_DATA20_HEAP_SIZE=50                            #
#                                                                              #
#                           Copyright (C) 1987-2015 IAR Systems AB.            #
################################################################################





                ****************************************
                *                                      *
                *           CROSS REFERENCE            *
                *                                      *
                ****************************************

       Program entry at :           CDDE  Relocatable, from module : ?cstart




                ****************************************
                *                                      *
                *            RUNTIME MODEL             *
                *                                      *
                ****************************************

  __Heap_Handler             = Basic
  __SystemLibrary            = DLib
  __code_model               = large
  __core                     = 430X
  __data_model               = small
  __dlib_file_descriptor     = 0
  __dlib_full_locale_support = 0
  __double_size              = 32
  __pic                      = no
  __reg_r4                   = free
  __reg_r5                   = free
  __rt_version               = 3

                ****************************************
                *                                      *
                *    AUTOMATIC SYMBOL REDIRECTIONS     *
                *                                      *
                ****************************************

                  There are no automatic symbol redirections.



                ****************************************
                *                                      *
                *              MODULE MAP              *
                *                                      *
                ****************************************


  DEFINED ABSOLUTE ENTRIES
    *************************************************************************

  DEFINED ABSOLUTE ENTRIES
  PROGRAM MODULE, NAME : ?ABS_ENTRY_MOD

Absolute parts
           ENTRY                   ADDRESS         REF BY
           =====                   =======         ======
           _DATA20_HEAP_SIZE       0050 
           _DATA16_HEAP_SIZE       00A0 
           _STACK_SIZE             00A0 
           __iar_HWMUL             04C0 
    *************************************************************************

  FILE NAME : D:\gsme2-rep\Debug\Obj\delay.r43
  PROGRAM MODULE, NAME : delay

  SEGMENTS IN THE MODULE
  ======================
DATA16_AN
  Relative segment, address: 0340 - 0341 (0x2 bytes), align: 0
  Segment part 1. ROOT        Intra module refs:   Delay_DelayMs
                                                   Delay_Init
           ENTRY                   ADDRESS         REF BY
           =====                   =======         ======
           _A_TA0CTL               0340 
           LOCAL                   ADDRESS         
           =====                   =======         
           TA0CTL                  0340 
           TA0CTL_bit              0340 
    -------------------------------------------------------------------------
DATA16_AN
  Relative segment, address: 0350 - 0351 (0x2 bytes), align: 0
  Segment part 2. ROOT        Intra module refs:   Delay_DelayMs
                                                   Delay_Init
           ENTRY                   ADDRESS         REF BY
           =====                   =======         ======
           TA0R                    0350 
    -------------------------------------------------------------------------
DATA16_AN
  Relative segment, address: 0352 - 0353 (0x2 bytes), align: 0
  Segment part 3. ROOT        Intra module refs:   Delay_Init
           ENTRY                   ADDRESS         REF BY
           =====                   =======         ======
           TA0CCR0                 0352 
    -------------------------------------------------------------------------
DATA16_AN
  Relative segment, address: 0360 - 0361 (0x2 bytes), align: 0
  Segment part 4. ROOT        Intra module refs:   Delay_Init
           ENTRY                   ADDRESS         REF BY
           =====                   =======         ======
           _A_TA0EX0               0360 
           LOCAL                   ADDRESS         
           =====                   =======         
           TA0EX0                  0360 
           TA0EX0_bit              0360 
    -------------------------------------------------------------------------
<CODE> 1 (was CODE)
  Relative segment, address: E8F6 - E919 (0x24 bytes), align: 1
  Segment part 7.
           ENTRY                   ADDRESS         REF BY
           =====                   =======         ======
           Delay_Init              E8F6            main (main)
    -------------------------------------------------------------------------
<CODE> 1 (was CODE)
  Relative segment, address: E828 - E851 (0x2a bytes), align: 1
  Segment part 6.
           ENTRY                   ADDRESS         REF BY
           =====                   =======         ======
           Delay_DelayMs           E828            ErrorHandler (main)
                                                   PowMeas_GetTemp (powmeas)
                                                   SIM900_ReInit (sim900)
                                                   SIM900_SendSms (sim900)
                                                   SIM900_SoftReset (sim900)
                                                   SIM900_WaitForResponse (sim900)

    *************************************************************************

  FILE NAME : D:\gsme2-rep\Debug\Obj\loads.r43
  PROGRAM MODULE, NAME : loads

  SEGMENTS IN THE MODULE
  ======================
DATA16_AN
  Relative segment, address: 0242 - 0243 (0x2 bytes), align: 0
  Segment part 1. ROOT        Intra module refs:   ErrorHandler (main)
                                                   Loads_Command
                                                   Loads_Init
                                                   PowMeas_BatteryStatus (powmeas)
                                                   PowMeas_Init (powmeas)
                                                   PowerDisappeared (main)
                                                   SIM900_ReInit (sim900)
                                                   TIMER1_A1_ISR (main)
                                                   main (main)
           ENTRY                   ADDRESS         REF BY
           =====                   =======         ======
           _A_PCOUT                0242 
           LOCAL                   ADDRESS         
           =====                   =======         
           P5OUT                   0242 
           P5OUT_bit               0242 
           P6OUT                   0243 
           P6OUT_bit               0243 
           PCOUT                   0242 
           PCOUT_H                 0243 
           PCOUT_L                 0242 
           PCOUT_bit               0242 
    -------------------------------------------------------------------------
DATA16_AN
  Relative segment, address: 0244 - 0245 (0x2 bytes), align: 0
  Segment part 2. ROOT        Intra module refs:   Loads_Init
                                                   PowMeas_Init (powmeas)
                                                   main (main)
           ENTRY                   ADDRESS         REF BY
           =====                   =======         ======
           _A_PCDIR                0244 
           LOCAL                   ADDRESS         
           =====                   =======         
           P5DIR                   0244 
           P5DIR_bit               0244 
           P6DIR                   0245 
           P6DIR_bit               0245 
           PCDIR                   0244 
           PCDIR_H                 0245 
           PCDIR_L                 0244 
           PCDIR_bit               0244 
    -------------------------------------------------------------------------
DATA16_AN
  Relative segment, address: 0246 - 0247 (0x2 bytes), align: 0
  Segment part 3. ROOT        Intra module refs:   Loads_Init
                                                   PowMeas_Init (powmeas)
                                                   main (main)
           ENTRY                   ADDRESS         REF BY
           =====                   =======         ======
           _A_PCREN                0246 
           LOCAL                   ADDRESS         
           =====                   =======         
           P5REN                   0246 
           P5REN_bit               0246 
           P6REN                   0247 
           P6REN_bit               0247 
           PCREN                   0246 
           PCREN_H                 0247 
           PCREN_L                 0246 
           PCREN_bit               0246 
    -------------------------------------------------------------------------
DATA16_AN
  Relative segment, address: 0248 - 0249 (0x2 bytes), align: 0
  Segment part 4. ROOT        Intra module refs:   Loads_Init
                                                   PowMeas_Init (powmeas)
                                                   main (main)
           ENTRY                   ADDRESS         REF BY
           =====                   =======         ======
           _A_PCDS                 0248 
           LOCAL                   ADDRESS         
           =====                   =======         
           P5DS                    0248 
           P5DS_bit                0248 
           P6DS                    0249 
           P6DS_bit                0249 
           PCDS                    0248 
           PCDS_H                  0249 
           PCDS_L                  0248 
           PCDS_bit                0248 
    -------------------------------------------------------------------------
DATA16_AN
  Relative segment, address: 024A - 024B (0x2 bytes), align: 0
  Segment part 5. ROOT        Intra module refs:   Loads_Init
                                                   PowMeas_Init (powmeas)
                                                   main (main)
           ENTRY                   ADDRESS         REF BY
           =====                   =======         ======
           _A_PCSEL                024A 
           LOCAL                   ADDRESS         
           =====                   =======         
           P5SEL                   024A 
           P5SEL_bit               024A 
           P6SEL                   024B 
           P6SEL_bit               024B 
           PCSEL                   024A 
           PCSEL_H                 024B 
           PCSEL_L                 024A 
           PCSEL_bit               024A 
    -------------------------------------------------------------------------
<CODE> 1 (was CODE)
  Relative segment, address: E640 - E67D (0x3e bytes), align: 1
  Segment part 8.
           ENTRY                   ADDRESS         REF BY
           =====                   =======         ======
           Loads_Init              E640            main (main)
    -------------------------------------------------------------------------
<CODE> 1 (was CODE)
  Relative segment, address: E798 - E7C9 (0x32 bytes), align: 1
  Segment part 7.
           ENTRY                   ADDRESS         REF BY
           =====                   =======         ======
           Loads_Command           E798            SIM900_ReadSms (sim900)

    *************************************************************************

  FILE NAME : D:\gsme2-rep\Debug\Obj\main.r43
  PROGRAM MODULE, NAME : main

  SEGMENTS IN THE MODULE
  ======================
DATA16_AN
  Relative segment, address: 0222 - 0223 (0x2 bytes), align: 0
  Segment part 1. ROOT        Intra module refs:   MSP430_UART_Init (msp430_uart)
                                                   SIM900_PowerOff (sim900)
                                                   SIM900_PowerOn (sim900)
                                                   SendCmd
           ENTRY                   ADDRESS         REF BY
           =====                   =======         ======
           _A_PBOUT                0222 
           LOCAL                   ADDRESS         
           =====                   =======         
           P3OUT                   0222 
           P3OUT_bit               0222 
           P4OUT                   0223 
           P4OUT_bit               0223 
           PBOUT                   0222 
           PBOUT_H                 0223 
           PBOUT_L                 0222 
           PBOUT_bit               0222 
    -------------------------------------------------------------------------
DATA16_AN
  Relative segment, address: 0380 - 0381 (0x2 bytes), align: 0
  Segment part 7. ROOT        Intra module refs:   SysTimer_Start
                                                   TIMER1_A1_ISR
           ENTRY                   ADDRESS         REF BY
           =====                   =======         ======
           _A_TA1CTL               0380 
           LOCAL                   ADDRESS         
           =====                   =======         
           TA1CTL                  0380 
           TA1CTL_bit              0380 
    -------------------------------------------------------------------------
DATA16_AN
  Relative segment, address: 0390 - 0391 (0x2 bytes), align: 0
  Segment part 8. ROOT        Intra module refs:   SysTimer_Start
                                                   TIMER1_A1_ISR
           ENTRY                   ADDRESS         REF BY
           =====                   =======         ======
           TA1R                    0390 
    -------------------------------------------------------------------------
DATA16_AN
  Relative segment, address: 0392 - 0393 (0x2 bytes), align: 0
  Segment part 9. ROOT        Intra module refs:   SysTimer_Start
           ENTRY                   ADDRESS         REF BY
           =====                   =======         ======
           TA1CCR0                 0392 
    -------------------------------------------------------------------------
DATA16_AN
  Relative segment, address: 03A0 - 03A1 (0x2 bytes), align: 0
  Segment part 10. ROOT       Intra module refs:   SysTimer_Start
           ENTRY                   ADDRESS         REF BY
           =====                   =======         ======
           _A_TA1EX0               03A0 
           LOCAL                   ADDRESS         
           =====                   =======         
           TA1EX0                  03A0 
           TA1EX0_bit              03A0 
    -------------------------------------------------------------------------
DATA16_AN
  Relative segment, address: 0162 - 0163 (0x2 bytes), align: 0
  Segment part 11. ROOT       Intra module refs:   MSP430_UCS_Init
           ENTRY                   ADDRESS         REF BY
           =====                   =======         ======
           _A_UCSCTL1              0162 
           LOCAL                   ADDRESS         
           =====                   =======         
           UCSCTL1                 0162 
           UCSCTL1_H               0163 
           UCSCTL1_L               0162 
           UCSCTL1_bit             0162 
    -------------------------------------------------------------------------
DATA16_AN
  Relative segment, address: 0164 - 0165 (0x2 bytes), align: 0
  Segment part 12. ROOT       Intra module refs:   MSP430_UCS_Init
           ENTRY                   ADDRESS         REF BY
           =====                   =======         ======
           _A_UCSCTL2              0164 
           LOCAL                   ADDRESS         
           =====                   =======         
           UCSCTL2                 0164 
           UCSCTL2_H               0165 
           UCSCTL2_L               0164 
           UCSCTL2_bit             0164 
    -------------------------------------------------------------------------
DATA16_AN
  Relative segment, address: 0166 - 0167 (0x2 bytes), align: 0
  Segment part 13. ROOT       Intra module refs:   MSP430_UCS_Init
           ENTRY                   ADDRESS         REF BY
           =====                   =======         ======
           _A_UCSCTL3              0166 
           LOCAL                   ADDRESS         
           =====                   =======         
           UCSCTL3                 0166 
           UCSCTL3_H               0167 
           UCSCTL3_L               0166 
           UCSCTL3_bit             0166 
    -------------------------------------------------------------------------
DATA16_AN
  Relative segment, address: 015C - 015D (0x2 bytes), align: 0
  Segment part 14. ROOT       Intra module refs:   PowerDisappeared
                                                   main
           ENTRY                   ADDRESS         REF BY
           =====                   =======         ======
           _A_WDTCTL               015C 
           LOCAL                   ADDRESS         
           =====                   =======         
           WDTCTL                  015C 
           WDTCTL_H                015D 
           WDTCTL_L                015C 
           WDTCTL_bit              015C 
    -------------------------------------------------------------------------
DATA16_C
  Relative segment, address: C000 - C005 (0x6 bytes), align: 0
  Segment part 17.            Intra module refs:   main
    -------------------------------------------------------------------------
DATA16_C
  Relative segment, address: C006 - C0C2 (0xbd bytes), align: 0
  Segment part 18.            Intra module refs:   main
           LOCAL                   ADDRESS         
           =====                   =======         
           SIM900_SMS_REPORT_LINK_LOST_WITH_MAIN_CONTROLLER
                                   C006 
    -------------------------------------------------------------------------
DATA16_C
  Relative segment, address: C0C3 - C13F (0x7d bytes), align: 0
  Segment part 19.            Intra module refs:   main
           LOCAL                   ADDRESS         
           =====                   =======         
           SIM900_SMS_REPORT_BATTERY_LOW_IN_GSM_EXTENDER
                                   C0C3 
    -------------------------------------------------------------------------
DATA16_C
  Relative segment, address: C140 - C1DC (0x9d bytes), align: 0
  Segment part 20.            Intra module refs:   PowerDisappeared
           LOCAL                   ADDRESS         
           =====                   =======         
           SIM900_SMS_REPORT_EXTERNAL_SUPPLY_LOST
                                   C140 
    -------------------------------------------------------------------------
DATA16_C
  Relative segment, address: C1DD - C235 (0x59 bytes), align: 0
  Segment part 21.            Intra module refs:   main
           LOCAL                   ADDRESS         
           =====                   =======         
           SIM900_SMS_REPORT_CLOSE_NOT_ALL
                                   C1DD 
    -------------------------------------------------------------------------
DATA16_C
  Relative segment, address: C236 - C28E (0x59 bytes), align: 0
  Segment part 22.            Intra module refs:   main
           LOCAL                   ADDRESS         
           =====                   =======         
           SIM900_SMS_REPORT_OPEN_NOT_ALL
                                   C236 
    -------------------------------------------------------------------------
DATA16_Z
  Relative segment, address: 2400 - 2457 (0x58 bytes), align: 1
  Segment part 23.            Intra module refs:   SendCmd
                                                   TIMER1_A1_ISR
                                                   main
           ENTRY                   ADDRESS         REF BY
           =====                   =======         ======
           State                   2400            PowMeas_BatteryStatus (powmeas)
                                                   PowMeas_ExternSupplyStatus (powmeas)
                                                   SIM900_ReadSms (sim900)
                                                   USCI_A0_ISR (msp430_uart)
    -------------------------------------------------------------------------
DATA16_Z
  Relative segment, address: 2674 - 26BF (0x4c bytes), align: 0
  Segment part 24.
           ENTRY                   ADDRESS         REF BY
           =====                   =======         ======
           InPack                  2674            SIM900_ReadSms (sim900)
                                                   USCI_A0_ISR (msp430_uart)
    -------------------------------------------------------------------------
DATA16_Z
  Relative segment, address: 26C0 - 26D9 (0x1a bytes), align: 0
  Segment part 25.            Intra module refs:   SendCmd
           ENTRY                   ADDRESS         REF BY
           =====                   =======         ======
           OutPack                 26C0            USCI_A0_ISR (msp430_uart)
    -------------------------------------------------------------------------
<CODE> 1 (was CODE)
  Relative segment, address: D7CE - D941 (0x174 bytes), align: 1
  Segment part 32.
           ENTRY                   ADDRESS         REF BY
           =====                   =======         ======
           main                    D7CE            Segment part 26 (?cstart)
               calls direct
    -------------------------------------------------------------------------
<CODE> 1 (was CODE)
  Relative segment, address: E47C - E4CB (0x50 bytes), align: 1
  Segment part 31.            Intra module refs:   main
           ENTRY                   ADDRESS         REF BY
           =====                   =======         ======
           PowerDisappeared        E47C 
               calls direct
    -------------------------------------------------------------------------
<CODE> 1 (was CODE)
  Relative segment, address: E51A - E565 (0x4c bytes), align: 1
  Segment part 30.
           ENTRY                   ADDRESS         REF BY
           =====                   =======         ======
           ErrorHandler            E51A            SIM900_ReadSms (sim900)
                                                   SIM900_SendSms (sim900)
               calls direct
    -------------------------------------------------------------------------
<CODE> 1 (was CODE)
  Relative segment, address: E7FC - E827 (0x2c bytes), align: 1
  Segment part 29.            Intra module refs:   main
           ENTRY                   ADDRESS         REF BY
           =====                   =======         ======
           SysTimer_Start          E7FC 
    -------------------------------------------------------------------------
ISR_CODE
  Relative segment, address: CDF6 - CE4B (0x56 bytes), align: 1
  Segment part 33.            Intra module refs:   TIMER1_A1_ISR::??INTVEC 96
           ENTRY                   ADDRESS         REF BY
           =====                   =======         ======
           TIMER1_A1_ISR           CDF6 
               interrupt function
    -------------------------------------------------------------------------
<CODE> 1 (was CODE)
  Relative segment, address: E314 - E377 (0x64 bytes), align: 1
  Segment part 28.
           ENTRY                   ADDRESS         REF BY
           =====                   =======         ======
           SendCmd                 E314            USCI_A0_ISR (msp430_uart)
               calls direct
    -------------------------------------------------------------------------
<CODE> 1 (was CODE)
  Relative segment, address: EA44 - EA5B (0x18 bytes), align: 1
  Segment part 27.            Intra module refs:   SendCmd
           ENTRY                   ADDRESS         REF BY
           =====                   =======         ======
           CRC_Calc                EA44            USCI_A0_ISR (msp430_uart)
    -------------------------------------------------------------------------
<CODE> 1 (was CODE)
  Relative segment, address: E5FE - E63F (0x42 bytes), align: 1
  Segment part 26.            Intra module refs:   main
           ENTRY                   ADDRESS         REF BY
           =====                   =======         ======
           MSP430_UCS_Init         E5FE 
    -------------------------------------------------------------------------
INTVEC
  Common segment, address: FF80 - FFE1 (0x62 bytes), align: 1
  Segment part 15. ROOT 
           ENTRY                   ADDRESS         REF BY
           =====                   =======         ======
           TIMER1_A1_ISR::??INTVEC 96
                                   FFE0 

    *************************************************************************

  FILE NAME : D:\gsme2-rep\Debug\Obj\msp430_flash.r43
  PROGRAM MODULE, NAME : msp430_flash

  SEGMENTS IN THE MODULE
  ======================
DATA16_AN
  Relative segment, address: 0140 - 0141 (0x2 bytes), align: 0
  Segment part 1. ROOT        Intra module refs:   flash_write
           ENTRY                   ADDRESS         REF BY
           =====                   =======         ======
           _A_FCTL1                0140 
           LOCAL                   ADDRESS         
           =====                   =======         
           FCTL1                   0140 
           FCTL1_H                 0141 
           FCTL1_L                 0140 
           FCTL1_bit               0140 
    -------------------------------------------------------------------------
DATA16_AN
  Relative segment, address: 0144 - 0145 (0x2 bytes), align: 0
  Segment part 2. ROOT        Intra module refs:   flash_write
           ENTRY                   ADDRESS         REF BY
           =====                   =======         ======
           _A_FCTL3                0144 
           LOCAL                   ADDRESS         
           =====                   =======         
           FCTL3                   0144 
           FCTL3_H                 0145 
           FCTL3_L                 0144 
           FCTL3_bit               0144 
    -------------------------------------------------------------------------
<CODE> 1 (was CODE)
  Relative segment, address: DC56 - DD21 (0xcc bytes), align: 1
  Segment part 5.
           ENTRY                   ADDRESS         REF BY
           =====                   =======         ======
           flash_write             DC56            TelDir_Clean (teldir)
                                                   TelDir_Del (teldir)
                                                   TelDir_Push (teldir)
                                                   TelDir_SetBalanceNumber (teldir)
    -------------------------------------------------------------------------
<CODE> 1 (was CODE)
  Relative segment, address: E852 - E87B (0x2a bytes), align: 1
  Segment part 4.
           ENTRY                   ADDRESS         REF BY
           =====                   =======         ======
           flash_read              E852            TelDir_Init (teldir)

    *************************************************************************

  FILE NAME : D:\gsme2-rep\Debug\Obj\msp430_uart.r43
  PROGRAM MODULE, NAME : msp430_uart

  SEGMENTS IN THE MODULE
  ======================
DATA16_AN
  Relative segment, address: 0224 - 0225 (0x2 bytes), align: 0
  Segment part 2. ROOT        Intra module refs:   MSP430_UART_Init
                                                   SIM900_PowerOff (sim900)
                                                   SIM900_PowerOn (sim900)
           ENTRY                   ADDRESS         REF BY
           =====                   =======         ======
           _A_PBDIR                0224 
           LOCAL                   ADDRESS         
           =====                   =======         
           P3DIR                   0224 
           P3DIR_bit               0224 
           P4DIR                   0225 
           P4DIR_bit               0225 
           PBDIR                   0224 
           PBDIR_H                 0225 
           PBDIR_L                 0224 
           PBDIR_bit               0224 
    -------------------------------------------------------------------------
DATA16_AN
  Relative segment, address: 0226 - 0227 (0x2 bytes), align: 0
  Segment part 3. ROOT        Intra module refs:   MSP430_UART_Init
           ENTRY                   ADDRESS         REF BY
           =====                   =======         ======
           _A_PBREN                0226 
           LOCAL                   ADDRESS         
           =====                   =======         
           P3REN                   0226 
           P3REN_bit               0226 
           P4REN                   0227 
           P4REN_bit               0227 
           PBREN                   0226 
           PBREN_H                 0227 
           PBREN_L                 0226 
           PBREN_bit               0226 
    -------------------------------------------------------------------------
DATA16_AN
  Relative segment, address: 0228 - 0229 (0x2 bytes), align: 0
  Segment part 4. ROOT        Intra module refs:   MSP430_UART_Init
           ENTRY                   ADDRESS         REF BY
           =====                   =======         ======
           _A_PBDS                 0228 
           LOCAL                   ADDRESS         
           =====                   =======         
           P3DS                    0228 
           P3DS_bit                0228 
           P4DS                    0229 
           P4DS_bit                0229 
           PBDS                    0228 
           PBDS_H                  0229 
           PBDS_L                  0228 
           PBDS_bit                0228 
    -------------------------------------------------------------------------
DATA16_AN
  Relative segment, address: 022A - 022B (0x2 bytes), align: 0
  Segment part 5. ROOT        Intra module refs:   MSP430_UART_Init
                                                   SIM900_PowerOff (sim900)
                                                   SIM900_PowerOn (sim900)
           ENTRY                   ADDRESS         REF BY
           =====                   =======         ======
           _A_PBSEL                022A 
           LOCAL                   ADDRESS         
           =====                   =======         
           P3SEL                   022A 
           P3SEL_bit               022A 
           P4SEL                   022B 
           P4SEL_bit               022B 
           PBSEL                   022A 
           PBSEL_H                 022B 
           PBSEL_L                 022A 
           PBSEL_bit               022A 
    -------------------------------------------------------------------------
DATA16_AN
  Relative segment, address: 05C0 - 05C1 (0x2 bytes), align: 0
  Segment part 6. ROOT        Intra module refs:   MSP430_UART_Init
                                                   MSP430_UART_SendAddress
           ENTRY                   ADDRESS         REF BY
           =====                   =======         ======
           _A_UCA0CTLW0            05C0 
           LOCAL                   ADDRESS         
           =====                   =======         
           UCA0CTL0                05C1 
           UCA0CTL0__SPI           05C1 
           UCA0CTL0__SPI_bit       05C1 
           UCA0CTL0_bit            05C1 
           UCA0CTL1                05C0 
           UCA0CTL1__SPI           05C0 
           UCA0CTL1__SPI_bit       05C0 
           UCA0CTL1_bit            05C0 
           UCA0CTLW0               05C0 
           UCA0CTLW0_H             05C1 
           UCA0CTLW0_L             05C0 
           UCA0CTLW0__SPI          05C0 
    -------------------------------------------------------------------------
DATA16_AN
  Relative segment, address: 05C6 - 05C7 (0x2 bytes), align: 0
  Segment part 7. ROOT        Intra module refs:   MSP430_UART_Init
           ENTRY                   ADDRESS         REF BY
           =====                   =======         ======
           _A_UCA0BRW              05C6 
           LOCAL                   ADDRESS         
           =====                   =======         
           UCA0BR0                 05C6 
           UCA0BR0__SPI            05C6 
           UCA0BR1                 05C7 
           UCA0BR1__SPI            05C7 
           UCA0BRW                 05C6 
           UCA0BRW_H               05C7 
           UCA0BRW_L               05C6 
           UCA0BRW__SPI            05C6 
    -------------------------------------------------------------------------
DATA16_AN
  Relative segment, address: 05CA - 05CA (0x1 bytes), align: 0
  Segment part 8. ROOT        Intra module refs:   USCI_A0_ISR
           ENTRY                   ADDRESS         REF BY
           =====                   =======         ======
           _A_UCA0STAT             05CA 
           LOCAL                   ADDRESS         
           =====                   =======         
           UCA0STAT                05CA 
           UCA0STAT__SPI           05CA 
           UCA0STAT__SPI_bit       05CA 
           UCA0STAT_bit            05CA 
    -------------------------------------------------------------------------
DATA16_AN
  Relative segment, address: 05CC - 05CC (0x1 bytes), align: 0
  Segment part 9. ROOT        Intra module refs:   USCI_A0_ISR
           ENTRY                   ADDRESS         REF BY
           =====                   =======         ======
           _A_UCA0RXBUF            05CC 
           LOCAL                   ADDRESS         
           =====                   =======         
           UCA0RXBUF               05CC 
           UCA0RXBUF__SPI          05CC 
    -------------------------------------------------------------------------
DATA16_AN
  Relative segment, address: 05CE - 05CE (0x1 bytes), align: 0
  Segment part 10. ROOT       Intra module refs:   MSP430_UART_Send
                                                   MSP430_UART_SendAddress
           ENTRY                   ADDRESS         REF BY
           =====                   =======         ======
           _A_UCA0TXBUF            05CE 
           LOCAL                   ADDRESS         
           =====                   =======         
           UCA0TXBUF               05CE 
           UCA0TXBUF__SPI          05CE 
    -------------------------------------------------------------------------
DATA16_AN
  Relative segment, address: 05DC - 05DD (0x2 bytes), align: 0
  Segment part 11. ROOT       Intra module refs:   MSP430_UART_Init
                                                   MSP430_UART_Send
                                                   MSP430_UART_SendAddress
           ENTRY                   ADDRESS         REF BY
           =====                   =======         ======
           _A_UCA0ICTL             05DC 
           LOCAL                   ADDRESS         
           =====                   =======         
           UCA0ICTL                05DC 
           UCA0ICTL_H              05DD 
           UCA0ICTL_L              05DC 
           UCA0ICTL__SPI           05DC 
           UCA0IE                  05DC 
           UCA0IE__SPI             05DC 
           UCA0IE__SPI_bit         05DC 
           UCA0IE_bit              05DC 
           UCA0IFG                 05DD 
           UCA0IFG__SPI            05DD 
           UCA0IFG__SPI_bit        05DD 
           UCA0IFG_bit             05DD 
    -------------------------------------------------------------------------
DATA16_AN
  Relative segment, address: 05DE - 05DF (0x2 bytes), align: 0
  Segment part 12. ROOT       Intra module refs:   USCI_A0_ISR
           ENTRY                   ADDRESS         REF BY
           =====                   =======         ======
           _A_UCA0IV               05DE 
           LOCAL                   ADDRESS         
           =====                   =======         
           UCA0IV                  05DE 
           UCA0IV__SPI             05DE 
    -------------------------------------------------------------------------
DATA16_AN
  Relative segment, address: 0600 - 0601 (0x2 bytes), align: 0
  Segment part 13. ROOT       Intra module refs:   MSP430_UART_Init
           ENTRY                   ADDRESS         REF BY
           =====                   =======         ======
           _A_UCA1CTLW0            0600 
           LOCAL                   ADDRESS         
           =====                   =======         
           UCA1CTL0                0601 
           UCA1CTL0__SPI           0601 
           UCA1CTL0__SPI_bit       0601 
           UCA1CTL0_bit            0601 
           UCA1CTL1                0600 
           UCA1CTL1__SPI           0600 
           UCA1CTL1__SPI_bit       0600 
           UCA1CTL1_bit            0600 
           UCA1CTLW0               0600 
           UCA1CTLW0_H             0601 
           UCA1CTLW0_L             0600 
           UCA1CTLW0__SPI          0600 
    -------------------------------------------------------------------------
DATA16_AN
  Relative segment, address: 0606 - 0607 (0x2 bytes), align: 0
  Segment part 14. ROOT       Intra module refs:   MSP430_UART_Init
           ENTRY                   ADDRESS         REF BY
           =====                   =======         ======
           _A_UCA1BRW              0606 
           LOCAL                   ADDRESS         
           =====                   =======         
           UCA1BR0                 0606 
           UCA1BR0__SPI            0606 
           UCA1BR1                 0607 
           UCA1BR1__SPI            0607 
           UCA1BRW                 0606 
           UCA1BRW_H               0607 
           UCA1BRW_L               0606 
           UCA1BRW__SPI            0606 
    -------------------------------------------------------------------------
DATA16_AN
  Relative segment, address: 060C - 060C (0x1 bytes), align: 0
  Segment part 15. ROOT       Intra module refs:   USCI_A1_ISR
           ENTRY                   ADDRESS         REF BY
           =====                   =======         ======
           _A_UCA1RXBUF            060C 
           LOCAL                   ADDRESS         
           =====                   =======         
           UCA1RXBUF               060C 
           UCA1RXBUF__SPI          060C 
    -------------------------------------------------------------------------
DATA16_AN
  Relative segment, address: 060E - 060E (0x1 bytes), align: 0
  Segment part 16. ROOT       Intra module refs:   MSP430_UART_Send
           ENTRY                   ADDRESS         REF BY
           =====                   =======         ======
           _A_UCA1TXBUF            060E 
           LOCAL                   ADDRESS         
           =====                   =======         
           UCA1TXBUF               060E 
           UCA1TXBUF__SPI          060E 
    -------------------------------------------------------------------------
DATA16_AN
  Relative segment, address: 061C - 061D (0x2 bytes), align: 0
  Segment part 17. ROOT       Intra module refs:   MSP430_UART_Init
                                                   MSP430_UART_Send
           ENTRY                   ADDRESS         REF BY
           =====                   =======         ======
           _A_UCA1ICTL             061C 
           LOCAL                   ADDRESS         
           =====                   =======         
           UCA1ICTL                061C 
           UCA1ICTL_H              061D 
           UCA1ICTL_L              061C 
           UCA1ICTL__SPI           061C 
           UCA1IE                  061C 
           UCA1IE__SPI             061C 
           UCA1IE__SPI_bit         061C 
           UCA1IE_bit              061C 
           UCA1IFG                 061D 
           UCA1IFG__SPI            061D 
           UCA1IFG__SPI_bit        061D 
           UCA1IFG_bit             061D 
    -------------------------------------------------------------------------
DATA16_AN
  Relative segment, address: 061E - 061F (0x2 bytes), align: 0
  Segment part 18. ROOT       Intra module refs:   USCI_A1_ISR
           ENTRY                   ADDRESS         REF BY
           =====                   =======         ======
           _A_UCA1IV               061E 
           LOCAL                   ADDRESS         
           =====                   =======         
           UCA1IV                  061E 
           UCA1IV__SPI             061E 
    -------------------------------------------------------------------------
DATA16_C
  Relative segment, address: C28F - C292 (0x4 bytes), align: 0
  Segment part 22.            Intra module refs:   USCI_A0_ISR
    -------------------------------------------------------------------------
DATA16_C
  Relative segment, address: C293 - C2DB (0x49 bytes), align: 0
  Segment part 23.            Intra module refs:   USCI_A0_ISR
           LOCAL                   ADDRESS         
           =====                   =======         
           SIM900_SMS_REPORT_LEAK
                                   C293 
    -------------------------------------------------------------------------
DATA16_C
  Relative segment, address: C2DC - C378 (0x9d bytes), align: 0
  Segment part 24.            Intra module refs:   USCI_A0_ISR
           LOCAL                   ADDRESS         
           =====                   =======         
           SIM900_SMS_REPORT_CHECK_BATTERY
                                   C2DC 
    -------------------------------------------------------------------------
DATA16_C
  Relative segment, address: C379 - C435 (0xbd bytes), align: 0
  Segment part 25.            Intra module refs:   USCI_A0_ISR
           LOCAL                   ADDRESS         
           =====                   =======         
           SIM900_DMD_REPORT_LINK_LOST
                                   C379 
    -------------------------------------------------------------------------
DATA16_C
  Relative segment, address: C436 - C472 (0x3d bytes), align: 0
  Segment part 26.            Intra module refs:   USCI_A0_ISR
           LOCAL                   ADDRESS         
           =====                   =======         
           SIM900_LEAK_REMOVED     C436 
    -------------------------------------------------------------------------
DATA16_C
  Relative segment, address: C473 - C4BF (0x4d bytes), align: 0
  Segment part 27.            Intra module refs:   USCI_A0_ISR
           LOCAL                   ADDRESS         
           =====                   =======         
           SIM900_SMS_REPORT_CLOSE_OK
                                   C473 
    -------------------------------------------------------------------------
DATA16_C
  Relative segment, address: C4C0 - C50C (0x4d bytes), align: 0
  Segment part 28.            Intra module refs:   USCI_A0_ISR
           LOCAL                   ADDRESS         
           =====                   =======         
           SIM900_SMS_REPORT_OPEN_OK
                                   C4C0 
    -------------------------------------------------------------------------
DATA16_Z
  Relative segment, address: 26DA - 2805 (0x12c bytes), align: 0
  Segment part 29.            Intra module refs:   USCI_A1_ISR
           ENTRY                   ADDRESS         REF BY
           =====                   =======         ======
           CirBuf                  26DA            SIM900_CircularBuf_Search (sim900)
                                                   SIM900_CircularBuffer_Extract (sim900)
                                                   SIM900_CircularBuffer_ExtractBalanceNum (sim900)
                                                   SIM900_CircularBuffer_ExtractTelNum (sim900)
    -------------------------------------------------------------------------
DATA16_Z
  Relative segment, address: 2458 - 2459 (0x2 bytes), align: 1
  Segment part 30.            Intra module refs:   USCI_A1_ISR
           ENTRY                   ADDRESS         REF BY
           =====                   =======         ======
           CirBuf_Tail             2458            SIM900_CircularBuf_Search (sim900)
                                                   SIM900_CircularBuffer_Extract (sim900)
                                                   SIM900_CircularBuffer_ExtractBalanceNum (sim900)
                                                   SIM900_CircularBuffer_ExtractTelNum (sim900)
                                                   SIM900_CircularBuffer_Purge (sim900)
    -------------------------------------------------------------------------
DATA16_Z
  Relative segment, address: 245A - 245B (0x2 bytes), align: 1
  Segment part 31.            Intra module refs:   USCI_A1_ISR
           ENTRY                   ADDRESS         REF BY
           =====                   =======         ======
           CirBuf_Head             245A            SIM900_CircularBuf_Search (sim900)
                                                   SIM900_CircularBuffer_Extract (sim900)
                                                   SIM900_CircularBuffer_ExtractBalanceNum (sim900)
                                                   SIM900_CircularBuffer_ExtractTelNum (sim900)
                                                   SIM900_CircularBuffer_Purge (sim900)
    -------------------------------------------------------------------------
DATA16_Z
  Relative segment, address: 245C - 245D (0x2 bytes), align: 1
  Segment part 32.            Intra module refs:   USCI_A1_ISR
           ENTRY                   ADDRESS         REF BY
           =====                   =======         ======
           CirBuf_NumBytes         245C            SIM900_CircularBuf_Search (sim900)
                                                   SIM900_CircularBuffer_Extract (sim900)
                                                   SIM900_CircularBuffer_ExtractBalanceNum (sim900)
                                                   SIM900_CircularBuffer_ExtractTelNum (sim900)
                                                   SIM900_CircularBuffer_Purge (sim900)
    -------------------------------------------------------------------------
<CODE> 1 (was CODE)
  Relative segment, address: E2B0 - E313 (0x64 bytes), align: 1
  Segment part 38.
           ENTRY                   ADDRESS         REF BY
           =====                   =======         ======
           MSP430_UART_Init        E2B0            main (main)
    -------------------------------------------------------------------------
<CODE> 1 (was CODE)
  Relative segment, address: E9FA - EA13 (0x1a bytes), align: 1
  Segment part 37.
           ENTRY                   ADDRESS         REF BY
           =====                   =======         ======
           MSP430_UART_SendAddress
                                   E9FA            SendCmd (main)
    -------------------------------------------------------------------------
<CODE> 1 (was CODE)
  Relative segment, address: E7CA - E7FB (0x32 bytes), align: 1
  Segment part 36.
           ENTRY                   ADDRESS         REF BY
           =====                   =======         ======
           MSP430_UART_Send        E7CA            SIM900_SendStr (sim900)
                                                   SendCmd (main)
    -------------------------------------------------------------------------
ISR_CODE
  Relative segment, address: CE4C - D14B (0x300 bytes), align: 1
  Segment part 35.            Intra module refs:   USCI_A0_ISR::??INTVEC 112
           ENTRY                   ADDRESS         REF BY
           =====                   =======         ======
           USCI_A0_ISR             CE4C 
               interrupt function
               calls direct
    -------------------------------------------------------------------------
DATA16_Z
  Relative segment, address: 2806 - 2806 (0x1 bytes), align: 0
  Segment part 33.            Intra module refs:   USCI_A0_ISR
           LOCAL                   ADDRESS         
           =====                   =======         
           USCI_A0_ISR::num_received_bytes
                                   2806 
    -------------------------------------------------------------------------
ISR_CODE
  Relative segment, address: D14C - D193 (0x48 bytes), align: 1
  Segment part 34.            Intra module refs:   USCI_A1_ISR::??INTVEC 92
           ENTRY                   ADDRESS         REF BY
           =====                   =======         ======
           USCI_A1_ISR             D14C 
               interrupt function
    -------------------------------------------------------------------------
INTVEC
  Common segment, address: FF80 - FFDD (0x5e bytes), align: 1
  Segment part 19. ROOT 
           ENTRY                   ADDRESS         REF BY
           =====                   =======         ======
           USCI_A1_ISR::??INTVEC 92
                                   FFDC 
    -------------------------------------------------------------------------
INTVEC
  Common segment, address: FF80 - FFF1 (0x72 bytes), align: 1
  Segment part 20. ROOT 
           ENTRY                   ADDRESS         REF BY
           =====                   =======         ======
           USCI_A0_ISR::??INTVEC 112
                                   FFF0 

    *************************************************************************

  FILE NAME : D:\gsme2-rep\Debug\Obj\powmeas.r43
  PROGRAM MODULE, NAME : powmeas

  SEGMENTS IN THE MODULE
  ======================
DATA16_AN
  Relative segment, address: 0740 - 0741 (0x2 bytes), align: 0
  Segment part 1. ROOT        Intra module refs:   PowMeas_AdcGet
                                                   PowMeas_Init
           ENTRY                   ADDRESS         REF BY
           =====                   =======         ======
           _A_ADC10CTL0            0740 
           LOCAL                   ADDRESS         
           =====                   =======         
           ADC10CTL0               0740 
           ADC10CTL0_H             0741 
           ADC10CTL0_L             0740 
           ADC10CTL0_bit           0740 
    -------------------------------------------------------------------------
DATA16_AN
  Relative segment, address: 0742 - 0743 (0x2 bytes), align: 0
  Segment part 2. ROOT        Intra module refs:   PowMeas_Init
           ENTRY                   ADDRESS         REF BY
           =====                   =======         ======
           _A_ADC10CTL1            0742 
           LOCAL                   ADDRESS         
           =====                   =======         
           ADC10CTL1               0742 
           ADC10CTL1_H             0743 
           ADC10CTL1_L             0742 
           ADC10CTL1_bit           0742 
    -------------------------------------------------------------------------
DATA16_AN
  Relative segment, address: 0744 - 0745 (0x2 bytes), align: 0
  Segment part 3. ROOT        Intra module refs:   PowMeas_Init
           ENTRY                   ADDRESS         REF BY
           =====                   =======         ======
           _A_ADC10CTL2            0744 
           LOCAL                   ADDRESS         
           =====                   =======         
           ADC10CTL2               0744 
           ADC10CTL2_H             0745 
           ADC10CTL2_L             0744 
           ADC10CTL2_bit           0744 
    -------------------------------------------------------------------------
DATA16_AN
  Relative segment, address: 074A - 074B (0x2 bytes), align: 0
  Segment part 4. ROOT        Intra module refs:   PowMeas_AdcGet
                                                   PowMeas_Init
           ENTRY                   ADDRESS         REF BY
           =====                   =======         ======
           _A_ADC10MCTL0           074A 
           LOCAL                   ADDRESS         
           =====                   =======         
           ADC10MCTL0              074A 
           ADC10MCTL0_H            074B 
           ADC10MCTL0_L            074A 
           ADC10MCTL0_bit          074A 
    -------------------------------------------------------------------------
DATA16_AN
  Relative segment, address: 0752 - 0753 (0x2 bytes), align: 0
  Segment part 5. ROOT        Intra module refs:   PowMeas_AdcGet
           ENTRY                   ADDRESS         REF BY
           =====                   =======         ======
           _A_ADC10MEM0            0752 
           LOCAL                   ADDRESS         
           =====                   =======         
           ADC10MEM0               0752 
           ADC10MEM0_H             0753 
           ADC10MEM0_L             0752 
    -------------------------------------------------------------------------
DATA16_AN
  Relative segment, address: 075C - 075D (0x2 bytes), align: 0
  Segment part 6. ROOT        Intra module refs:   PowMeas_AdcGet
           ENTRY                   ADDRESS         REF BY
           =====                   =======         ======
           _A_ADC10IFG             075C 
           LOCAL                   ADDRESS         
           =====                   =======         
           ADC10IFG                075C 
           ADC10IFG_H              075D 
           ADC10IFG_L              075C 
           ADC10IFG_bit            075C 
    -------------------------------------------------------------------------
DATA16_AN
  Relative segment, address: 0202 - 0203 (0x2 bytes), align: 0
  Segment part 7. ROOT        Intra module refs:   PowMeas_GetTemp
                                                   PowMeas_Init
                                                   SIM900_PowerOff (sim900)
                                                   SIM900_PowerOn (sim900)
                                                   SIM900_ReInit (sim900)
                                                   SIM900_SoftReset (sim900)
           ENTRY                   ADDRESS         REF BY
           =====                   =======         ======
           _A_PAOUT                0202 
           LOCAL                   ADDRESS         
           =====                   =======         
           P1OUT                   0202 
           P1OUT_bit               0202 
           P2OUT                   0203 
           P2OUT_bit               0203 
           PAOUT                   0202 
           PAOUT_H                 0203 
           PAOUT_L                 0202 
           PAOUT_bit               0202 
    -------------------------------------------------------------------------
DATA16_AN
  Relative segment, address: 0204 - 0205 (0x2 bytes), align: 0
  Segment part 8. ROOT        Intra module refs:   PowMeas_Init
                                                   SIM900_PowerOff (sim900)
                                                   SIM900_PowerOn (sim900)
                                                   SIM900_ReInit (sim900)
                                                   SIM900_SoftReset (sim900)
           ENTRY                   ADDRESS         REF BY
           =====                   =======         ======
           _A_PADIR                0204 
           LOCAL                   ADDRESS         
           =====                   =======         
           P1DIR                   0204 
           P1DIR_bit               0204 
           P2DIR                   0205 
           P2DIR_bit               0205 
           PADIR                   0204 
           PADIR_H                 0205 
           PADIR_L                 0204 
           PADIR_bit               0204 
    -------------------------------------------------------------------------
DATA16_AN
  Relative segment, address: 0206 - 0207 (0x2 bytes), align: 0
  Segment part 9. ROOT        Intra module refs:   PowMeas_Init
                                                   SIM900_ReInit (sim900)
           ENTRY                   ADDRESS         REF BY
           =====                   =======         ======
           _A_PAREN                0206 
           LOCAL                   ADDRESS         
           =====                   =======         
           P1REN                   0206 
           P1REN_bit               0206 
           P2REN                   0207 
           P2REN_bit               0207 
           PAREN                   0206 
           PAREN_H                 0207 
           PAREN_L                 0206 
           PAREN_bit               0206 
    -------------------------------------------------------------------------
DATA16_AN
  Relative segment, address: 0208 - 0209 (0x2 bytes), align: 0
  Segment part 10. ROOT       Intra module refs:   PowMeas_Init
                                                   SIM900_ReInit (sim900)
           ENTRY                   ADDRESS         REF BY
           =====                   =======         ======
           _A_PADS                 0208 
           LOCAL                   ADDRESS         
           =====                   =======         
           P1DS                    0208 
           P1DS_bit                0208 
           P2DS                    0209 
           P2DS_bit                0209 
           PADS                    0208 
           PADS_H                  0209 
           PADS_L                  0208 
           PADS_bit                0208 
    -------------------------------------------------------------------------
DATA16_AN
  Relative segment, address: 020A - 020B (0x2 bytes), align: 0
  Segment part 11. ROOT       Intra module refs:   PowMeas_Init
                                                   SIM900_ReInit (sim900)
           ENTRY                   ADDRESS         REF BY
           =====                   =======         ======
           _A_PASEL                020A 
           LOCAL                   ADDRESS         
           =====                   =======         
           P1SEL                   020A 
           P1SEL_bit               020A 
           P2SEL                   020B 
           P2SEL_bit               020B 
           PASEL                   020A 
           PASEL_H                 020B 
           PASEL_L                 020A 
           PASEL_bit               020A 
    -------------------------------------------------------------------------
DATA16_AN
  Relative segment, address: 01B0 - 01B1 (0x2 bytes), align: 0
  Segment part 17. ROOT       Intra module refs:   PowMeas_Init
           ENTRY                   ADDRESS         REF BY
           =====                   =======         ======
           _A_REFCTL0              01B0 
           LOCAL                   ADDRESS         
           =====                   =======         
           REFCTL0                 01B0 
           REFCTL0_H               01B1 
           REFCTL0_L               01B0 
           REFCTL0_bit             01B0 
    -------------------------------------------------------------------------
<CODE> 1 (was CODE)
  Relative segment, address: DF48 - DFD5 (0x8e bytes), align: 1
  Segment part 24.
           ENTRY                   ADDRESS         REF BY
           =====                   =======         ======
           PowMeas_Init            DF48            main (main)
    -------------------------------------------------------------------------
<CODE> 1 (was CODE)
  Relative segment, address: E428 - E47B (0x54 bytes), align: 1
  Segment part 23.
           ENTRY                   ADDRESS         REF BY
           =====                   =======         ======
           PowMeas_BatteryStatus   E428            main (main)
               calls direct
    -------------------------------------------------------------------------
DATA16_Z
  Relative segment, address: 245E - 245F (0x2 bytes), align: 1
  Segment part 19.            Intra module refs:   PowMeas_BatteryStatus
           LOCAL                   ADDRESS         
           =====                   =======         
           PowMeas_BatteryStatus::cnt
                                   245E 
    -------------------------------------------------------------------------
<CODE> 1 (was CODE)
  Relative segment, address: E87C - E8A5 (0x2a bytes), align: 1
  Segment part 22.
           ENTRY                   ADDRESS         REF BY
           =====                   =======         ======
           PowMeas_ExternSupplyStatus
                                   E87C            PowerDisappeared (main)
                                                   main (main)
               calls direct
    -------------------------------------------------------------------------
<CODE> 1 (was CODE)
  Relative segment, address: E5B2 - E5FD (0x4c bytes), align: 1
  Segment part 21.            Intra module refs:   PowMeas_BatteryStatus
                                                   PowMeas_ExternSupplyStatus
                                                   PowMeas_GetTemp
           ENTRY                   ADDRESS         REF BY
           =====                   =======         ======
           PowMeas_AdcGet          E5B2 
               calls direct
    -------------------------------------------------------------------------
<CODE> 1 (was CODE)
  Relative segment, address: E3D2 - E427 (0x56 bytes), align: 1
  Segment part 20.
           ENTRY                   ADDRESS         REF BY
           =====                   =======         ======
           PowMeas_GetTemp         E3D2            SIM900_ReadSms (sim900)
               calls direct

    *************************************************************************

  FILE NAME : D:\gsme2-rep\Debug\Obj\sim900.r43
  PROGRAM MODULE, NAME : sim900

  SEGMENTS IN THE MODULE
  ======================
DATA16_AN
  Relative segment, address: 0200 - 0201 (0x2 bytes), align: 0
  Segment part 1. ROOT        Intra module refs:   SIM900_GetStatus
           ENTRY                   ADDRESS         REF BY
           =====                   =======         ======
           _A_PAIN                 0200 
           LOCAL                   ADDRESS         
           =====                   =======         
           P1IN                    0200 
           P1IN_bit                0200 
           P2IN                    0201 
           P2IN_bit                0201 
           PAIN                    0200 
           PAIN_H                  0201 
           PAIN_L                  0200 
           PAIN_bit                0200 
    -------------------------------------------------------------------------
DATA16_C
  Relative segment, address: C50D - C512 (0x6 bytes), align: 0
  Segment part 12.            Intra module refs:   SIM900_ReInit
    -------------------------------------------------------------------------
DATA16_C
  Relative segment, address: C513 - C515 (0x3 bytes), align: 0
  Segment part 13.            Intra module refs:   SIM900_ReInit
                                                   SIM900_ReadSms
                                                   SIM900_SendSms
    -------------------------------------------------------------------------
DATA16_C
  Relative segment, address: C516 - C51B (0x6 bytes), align: 0
  Segment part 14.            Intra module refs:   SIM900_ReInit
                                                   SIM900_ReadSms
                                                   SIM900_SendSms
    -------------------------------------------------------------------------
DATA16_C
  Relative segment, address: C51C - C526 (0xb bytes), align: 0
  Segment part 15.            Intra module refs:   SIM900_ReInit
    -------------------------------------------------------------------------
DATA16_C
  Relative segment, address: C527 - C531 (0xb bytes), align: 0
  Segment part 16.            Intra module refs:   SIM900_ReInit
    -------------------------------------------------------------------------
DATA16_C
  Relative segment, address: C532 - C541 (0x10 bytes), align: 0
  Segment part 17.            Intra module refs:   SIM900_ReInit
    -------------------------------------------------------------------------
DATA16_C
  Relative segment, address: C542 - C556 (0x15 bytes), align: 0
  Segment part 18.            Intra module refs:   SIM900_ReInit
    -------------------------------------------------------------------------
DATA16_C
  Relative segment, address: C557 - C563 (0xd bytes), align: 0
  Segment part 19.            Intra module refs:   SIM900_ReInit
                                                   SIM900_ReadSms
    -------------------------------------------------------------------------
DATA16_C
  Relative segment, address: C564 - C56B (0x8 bytes), align: 0
  Segment part 20.            Intra module refs:   SIM900_ReInit
    -------------------------------------------------------------------------
DATA16_C
  Relative segment, address: C56C - C576 (0xb bytes), align: 0
  Segment part 21.            Intra module refs:   SIM900_ReadSms
    -------------------------------------------------------------------------
DATA16_C
  Relative segment, address: C577 - C57F (0x9 bytes), align: 0
  Segment part 22.            Intra module refs:   SIM900_ReadSms
    -------------------------------------------------------------------------
DATA16_C
  Relative segment, address: C580 - C588 (0x9 bytes), align: 0
  Segment part 23.            Intra module refs:   SIM900_ReadSms
    -------------------------------------------------------------------------
DATA16_C
  Relative segment, address: C589 - C58C (0x4 bytes), align: 0
  Segment part 24.            Intra module refs:   SIM900_ReadSms
    -------------------------------------------------------------------------
DATA16_C
  Relative segment, address: C58D - C5B6 (0x2a bytes), align: 0
  Segment part 25.            Intra module refs:   SIM900_ReadSms
    -------------------------------------------------------------------------
DATA16_C
  Relative segment, address: C5B7 - C5B9 (0x3 bytes), align: 0
  Segment part 26.            Intra module refs:   SIM900_ReadSms
                                                   SIM900_SendSms
    -------------------------------------------------------------------------
DATA16_C
  Relative segment, address: C5BA - C5C4 (0xb bytes), align: 0
  Segment part 27.            Intra module refs:   SIM900_ReadSms
    -------------------------------------------------------------------------
DATA16_C
  Relative segment, address: C5C5 - C5C7 (0x3 bytes), align: 0
  Segment part 28.            Intra module refs:   SIM900_ReadSms
    -------------------------------------------------------------------------
DATA16_C
  Relative segment, address: C5C8 - C5D0 (0x9 bytes), align: 0
  Segment part 29.            Intra module refs:   SIM900_ReadSms
    -------------------------------------------------------------------------
DATA16_C
  Relative segment, address: C5D1 - C5D9 (0x9 bytes), align: 0
  Segment part 30.            Intra module refs:   SIM900_ReadSms
    -------------------------------------------------------------------------
DATA16_C
  Relative segment, address: C5DA - C5E3 (0xa bytes), align: 0
  Segment part 31.            Intra module refs:   SIM900_SendSms
    -------------------------------------------------------------------------
DATA16_C
  Relative segment, address: C5E4 - C5E5 (0x2 bytes), align: 0
  Segment part 32.            Intra module refs:   SIM900_SendSms
    -------------------------------------------------------------------------
DATA16_C
  Relative segment, address: C5E6 - C5ED (0x8 bytes), align: 0
  Segment part 33.            Intra module refs:   SIM900_SendSms
    -------------------------------------------------------------------------
DATA16_C
  Relative segment, address: C5EE - C5F0 (0x3 bytes), align: 0
  Segment part 34.            Intra module refs:   SIM900_SendSms
    -------------------------------------------------------------------------
DATA16_C
  Relative segment, address: C5F1 - C5F8 (0x8 bytes), align: 0
  Segment part 35.            Intra module refs:   SIM900_SendSms
    -------------------------------------------------------------------------
DATA16_C
  Relative segment, address: C5F9 - C600 (0x8 bytes), align: 0
  Segment part 36.            Intra module refs:   SIM900_CircularBuffer_ExtractTelNum
    -------------------------------------------------------------------------
DATA16_C
  Relative segment, address: C601 - C61D (0x1d bytes), align: 0
  Segment part 37.            Intra module refs:   SIM900_ReadSms
           LOCAL                   ADDRESS         
           =====                   =======         
           SIM900_SMS_CMD_ADD      C601 
    -------------------------------------------------------------------------
DATA16_C
  Relative segment, address: C61E - C636 (0x19 bytes), align: 0
  Segment part 38.            Intra module refs:   SIM900_ReadSms
           LOCAL                   ADDRESS         
           =====                   =======         
           SIM900_SMS_CMD_DEL      C61E 
    -------------------------------------------------------------------------
DATA16_C
  Relative segment, address: C637 - C653 (0x1d bytes), align: 0
  Segment part 39.            Intra module refs:   SIM900_ReadSms
           LOCAL                   ADDRESS         
           =====                   =======         
           SIM900_SMS_CMD_CLEAN    C637 
    -------------------------------------------------------------------------
DATA16_C
  Relative segment, address: C654 - C66C (0x19 bytes), align: 0
  Segment part 40.            Intra module refs:   SIM900_ReadSms
           LOCAL                   ADDRESS         
           =====                   =======         
           SIM900_SMS_CMD_CLOSE    C654 
    -------------------------------------------------------------------------
DATA16_C
  Relative segment, address: C66D - C689 (0x1d bytes), align: 0
  Segment part 41.            Intra module refs:   SIM900_ReadSms
           LOCAL                   ADDRESS         
           =====                   =======         
           SIM900_SMS_CMD_CLOSE_   C66D 
    -------------------------------------------------------------------------
DATA16_C
  Relative segment, address: C68A - C6A2 (0x19 bytes), align: 0
  Segment part 42.            Intra module refs:   SIM900_ReadSms
           LOCAL                   ADDRESS         
           =====                   =======         
           SIM900_SMS_CMD_OPEN     C68A 
    -------------------------------------------------------------------------
DATA16_C
  Relative segment, address: C6A3 - C6BF (0x1d bytes), align: 0
  Segment part 43.            Intra module refs:   SIM900_ReadSms
           LOCAL                   ADDRESS         
           =====                   =======         
           SIM900_SMS_CMD_OPEN_    C6A3 
    -------------------------------------------------------------------------
DATA16_C
  Relative segment, address: C6C0 - C6DC (0x1d bytes), align: 0
  Segment part 44.            Intra module refs:   SIM900_ReadSms
           LOCAL                   ADDRESS         
           =====                   =======         
           SIM900_SMS_CMD_CHECK    C6C0 
    -------------------------------------------------------------------------
DATA16_C
  Relative segment, address: C6DD - C6F1 (0x15 bytes), align: 0
  Segment part 45.            Intra module refs:   SIM900_ReadSms
           LOCAL                   ADDRESS         
           =====                   =======         
           SIM900_SMS_CMD_CHECK_BALANCE
                                   C6DD 
    -------------------------------------------------------------------------
DATA16_C
  Relative segment, address: C6F2 - C722 (0x31 bytes), align: 0
  Segment part 46.            Intra module refs:   SIM900_ReadSms
           LOCAL                   ADDRESS         
           =====                   =======         
           SIM900_SMS_CMD_SET_BALANCE
                                   C6F2 
    -------------------------------------------------------------------------
DATA16_C
  Relative segment, address: C723 - C73F (0x1d bytes), align: 0
  Segment part 47.            Intra module refs:   SIM900_ReadSms
           LOCAL                   ADDRESS         
           =====                   =======         
           SIM900_SMS_CMD_TURN_LOAD_ON
                                   C723 
    -------------------------------------------------------------------------
DATA16_C
  Relative segment, address: C740 - C760 (0x21 bytes), align: 0
  Segment part 48.            Intra module refs:   SIM900_ReadSms
           LOCAL                   ADDRESS         
           =====                   =======         
           SIM900_SMS_CMD_TURN_LOAD_OFF
                                   C740 
    -------------------------------------------------------------------------
DATA16_C
  Relative segment, address: C761 - C789 (0x29 bytes), align: 0
  Segment part 49.            Intra module refs:   SIM900_ReadSms
           LOCAL                   ADDRESS         
           =====                   =======         
           SIM900_SMS_CMD_TEMPERATURE
                                   C761 
    -------------------------------------------------------------------------
DATA16_C
  Relative segment, address: C78A - C7E2 (0x59 bytes), align: 0
  Segment part 50.            Intra module refs:   SIM900_ReadSms
           LOCAL                   ADDRESS         
           =====                   =======         
           SIM900_SMS_REPORT_ADD_OK
                                   C78A 
    -------------------------------------------------------------------------
DATA16_C
  Relative segment, address: C7E3 - C82B (0x49 bytes), align: 0
  Segment part 51.            Intra module refs:   SIM900_ReadSms
           LOCAL                   ADDRESS         
           =====                   =======         
           SIM900_SMS_REPORT_ADD_ALREADY_ADDED
                                   C7E3 
    -------------------------------------------------------------------------
DATA16_C
  Relative segment, address: C82C - C8A4 (0x79 bytes), align: 0
  Segment part 52.            Intra module refs:   SIM900_ReadSms
           LOCAL                   ADDRESS         
           =====                   =======         
           SIM900_SMS_REPORT_ADD_NO_MEMORY
                                   C82C 
    -------------------------------------------------------------------------
DATA16_C
[...]
<CODE> 1 (was CODE)
  Relative segment, address: EB2E - EB33 (0x6 bytes), align: 1
  Segment part 3.
           ENTRY                   ADDRESS         REF BY
           =====                   =======         ======
           TelDir_NumItems         EB2E            USCI_A0_ISR (msp430_uart)

    *************************************************************************

  FILE NAME : D:\gsme2-rep\Debug\Obj\ucs2.r43
  PROGRAM MODULE, NAME : ucs2

  SEGMENTS IN THE MODULE
  ======================
DATA16_Z
  Relative segment, address: 29A8 - 29AC (0x5 bytes), align: 0
  Segment part 2.             Intra module refs:   toUCS2
           LOCAL                   ADDRESS         
           =====                   =======         
           ucs2_rv                 29A8 
    -------------------------------------------------------------------------
<CODE> 1 (was CODE)
  Relative segment, address: E24C - E2AF (0x64 bytes), align: 1
  Segment part 8.
           ENTRY                   ADDRESS         REF BY
           =====                   =======         ======
           strToCP1251             E24C            SIM900_ReadSms (sim900)
               calls direct
    -------------------------------------------------------------------------
<CODE> 1 (was CODE)
  Relative segment, address: E4CC - E519 (0x4e bytes), align: 1
  Segment part 7.
           ENTRY                   ADDRESS         REF BY
           =====                   =======         ======
           strToUCS2               E4CC            USCI_A0_ISR (msp430_uart)
               calls direct
    -------------------------------------------------------------------------
<CODE> 1 (was CODE)
  Relative segment, address: E1E4 - E24B (0x68 bytes), align: 1
  Segment part 6.             Intra module refs:   strToCP1251
           ENTRY                   ADDRESS         REF BY
           =====                   =======         ======
           toCP1251                E1E4 
               calls direct
    -------------------------------------------------------------------------
<CODE> 1 (was CODE)
  Relative segment, address: E378 - E3D1 (0x5a bytes), align: 1
  Segment part 5.             Intra module refs:   strToUCS2
           ENTRY                   ADDRESS         REF BY
           =====                   =======         ======
           toUCS2                  E378 
               calls direct
    -------------------------------------------------------------------------
<CODE> 1 (was CODE)
  Relative segment, address: E8CE - E8F5 (0x28 bytes), align: 1
  Segment part 4.             Intra module refs:   toCP1251
           LOCAL                   ADDRESS         
           =====                   =======         
           hextodig                E8CE 
    -------------------------------------------------------------------------
<CODE> 1 (was CODE)
  Relative segment, address: E93C - E95D (0x22 bytes), align: 1
  Segment part 3.             Intra module refs:   toUCS2
           LOCAL                   ADDRESS         
           =====                   =======         
           digtohex                E93C 

    *************************************************************************

  FILE NAME : C:\Program Files (x86)\IAR Systems\Embedded Workbench 7.2\430\lib\dlib\dl430xlsfn.r43
  LIBRARY MODULE, NAME : ?__dbg_break

  SEGMENTS IN THE MODULE
  ======================
<CODE> 1 (was CODE)
  Relative segment, address: EB3C - EB3D (0x2 bytes), align: 1
  Segment part 2.
           ENTRY                   ADDRESS         REF BY
           =====                   =======         ======
           __DebugBreak            EB3C            __exit (?__exit)

    -------------------------------------------------------------------------
  LIBRARY MODULE, NAME : ?__exit

  SEGMENTS IN THE MODULE
  ======================
<CODE> 1 (was CODE)
  Relative segment, address: EA5C - EA71 (0x16 bytes), align: 1
  Segment part 2.
           ENTRY                   ADDRESS         REF BY
           =====                   =======         ======
           __exit                  EA5C            Segment part 6 (?_exit)
                                                   _exit (?_exit)
               calls direct

    -------------------------------------------------------------------------
  LIBRARY MODULE, NAME : ?_exit

  SEGMENTS IN THE MODULE
  ======================
<CODE> 1 (was CODE)
  Relative segment, address: EB34, align: 1
  Segment part 0.
           ENTRY                   ADDRESS         REF BY
           =====                   =======         ======
           _exit                   EB34            exit (?exit)
    -------------------------------------------------------------------------
<CODE> 1 (was CODE)
  Relative segment, address: EB34 - EB37 (0x4 bytes), align: 1
  Segment part 6.             Intra module refs:   _exit

    -------------------------------------------------------------------------
  LIBRARY MODULE, NAME : ?cstart

  SEGMENTS IN THE MODULE
  ======================
CSTACK
  Relative segment, address: 3360, align: 1
  Segment part 1.
    -------------------------------------------------------------------------
DATA16_Z
  Relative segment, address: 2674, align: 1
  Segment part 2.
    -------------------------------------------------------------------------
CODE_I
  Relative segment, address: 2BA0, align: 1
  Segment part 5.
    -------------------------------------------------------------------------
CODE_ID
  Relative segment, address: D194, align: 1
  Segment part 6.
    -------------------------------------------------------------------------
DATA20_Z
  Relative segment, address: 2BA0, align: 1
  Segment part 7.
    -------------------------------------------------------------------------
DATA20_I
  Relative segment, address: 2BA0, align: 1
  Segment part 8.
    -------------------------------------------------------------------------
DATA20_ID
  Relative segment, address: CDDE, align: 1
  Segment part 9.
    -------------------------------------------------------------------------
DATA20_C
  Relative segment, address: CDDE, align: 1
  Segment part 10.
    -------------------------------------------------------------------------
DATA20_HEAP
  Relative segment, address: 2BA0, align: 1
  Segment part 11.
    -------------------------------------------------------------------------
DATA20_N
  Relative segment, address: 2BA0, align: 1
  Segment part 12.
    -------------------------------------------------------------------------
CSTART
  Relative segment, address: CDDE - CDE1 (0x4 bytes), align: 1
  Segment part 15.
           ENTRY                   ADDRESS         REF BY
           =====                   =======         ======
           __program_start         CDDE            ?reset_vector (?reset_vector)
                                                   Absolute parts (?ABS_ENTRY_MOD)
           ?cstart_begin           CDDE 
    -------------------------------------------------------------------------
CSTART
  Relative segment, address: CDE2 - CDED (0xc bytes), align: 1
  Segment part 19.
           ENTRY                   ADDRESS         REF BY
           =====                   =======         ======
           ?cstart_init_zero       CDE2            CirBuf (msp430_uart)
                                                   CirBuf_Head (msp430_uart)
                                                   CirBuf_NumBytes (msp430_uart)
                                                   CirBuf_Tail (msp430_uart)
                                                   InPack (main)
                                                   OutPack (main)
                                                   Pool (smspool)
                                                   PowMeas_BatteryStatus::cnt (powmeas)
                                                   SMS_Balance (sim900)
                                                   SMS_Queue (sms_queue)
                                                   State (main)
                                                   USCI_A0_ISR::num_received_bytes (msp430_uart)
                                                   ucs2_rv (ucs2)
    -------------------------------------------------------------------------
CSTART
  Relative segment, address: CDEE - CDF5 (0x8 bytes), align: 1
  Segment part 26.            Intra module refs:   Segment part 15
           ENTRY                   ADDRESS         REF BY
           =====                   =======         ======
           ?cstart_call_main       CDEE 
           ?cstart_end             CDF6 
    -------------------------------------------------------------------------
CODE_ID
  Relative segment, address: D194, align: 1
  Segment part 27.            Intra module refs:   Segment part 5

    -------------------------------------------------------------------------
  LIBRARY MODULE, NAME : ?reset_vector

  SEGMENTS IN THE MODULE
  ======================
RESET
  Relative segment, address: FFFE - FFFF (0x2 bytes), align: 1
  Segment part 0.
           ENTRY                   ADDRESS         REF BY
           =====                   =======         ======
           ?reset_vector           FFFE            Segment part 15 (?cstart)

    -------------------------------------------------------------------------
  LIBRARY MODULE, NAME : ?exit

  SEGMENTS IN THE MODULE
  ======================
<CODE> 1 (was CODE)
  Relative segment, address: EB38 - EB3B (0x4 bytes), align: 1
  Segment part 2.
           ENTRY                   ADDRESS         REF BY
           =====                   =======         ======
           exit                    EB38            Segment part 26 (?cstart)
               calls direct

    -------------------------------------------------------------------------
  LIBRARY MODULE, NAME : ?DivMod816u

  SEGMENTS IN THE MODULE
  ======================
<CODE> 1 (was CODE)
  Relative segment, address: E9DE - E9E1 (0x4 bytes), align: 1
  Segment part 0.
           ENTRY                   ADDRESS         REF BY
           =====                   =======         ======
           ?DivMod8u               E9DE            strToCP1251 (ucs2)
    -------------------------------------------------------------------------
<CODE> 1 (was CODE)
  Relative segment, address: E9E2 - E9F9 (0x18 bytes), align: 1
  Segment part 1.             Intra module refs:   ?DivMod8u
           ENTRY                   ADDRESS         REF BY
           =====                   =======         ======
           ?DivMod16u              E9E2            ?DivMod16s (?DivMod816s)
                                                   PowMeas_AdcGet (powmeas)
                                                   PowMeas_GetTemp (powmeas)
                                                   SIM900_CircularBuffer_ExtractBalanceNum (sim900)
                                                   toUCS2 (ucs2)

    -------------------------------------------------------------------------
  LIBRARY MODULE, NAME : ?DivMod816s

  SEGMENTS IN THE MODULE
  ======================
<CODE> 1 (was CODE)
  Relative segment, address: E764 - E767 (0x4 bytes), align: 1
  Segment part 0.
           ENTRY                   ADDRESS         REF BY
           =====                   =======         ======
           ?DivMod8s               E764            SIM900_ReadSms (sim900)
    -------------------------------------------------------------------------
<CODE> 1 (was CODE)
  Relative segment, address: E768 - E797 (0x30 bytes), align: 1
  Segment part 1.             Intra module refs:   ?DivMod8s
           ENTRY                   ADDRESS         REF BY
           =====                   =======         ======
           ?DivMod16s              E768 

    -------------------------------------------------------------------------
  LIBRARY MODULE, NAME : ?CopyMemoryBytes

  SEGMENTS IN THE MODULE
  ======================
<CODE> 1 (was CODE)
  Relative segment, address: EAD2 - EAE1 (0x10 bytes), align: 1
  Segment part 0.
           ENTRY                   ADDRESS         REF BY
           =====                   =======         ======
           ?CopyMemoryBytes        EAD2            SIM900_CircularBuffer_ExtractTelNum (sim900)
                                                   SIM900_ReadSms (sim900)

    -------------------------------------------------------------------------
  LIBRARY MODULE, NAME : ?memzero

  SEGMENTS IN THE MODULE
  ======================
<CODE> 1 (was CODE)
  Relative segment, address: EAAE - EABF (0x12 bytes), align: 1
  Segment part 4.
           ENTRY                   ADDRESS         REF BY
           =====                   =======         ======
           __data16_memzero        EAAE            ?cstart_init_zero (?cstart)

    -------------------------------------------------------------------------
  LIBRARY MODULE, NAME : ?strcat

  SEGMENTS IN THE MODULE
  ======================
<CODE> 1 (was CODE)
  Relative segment, address: EA2C - EA43 (0x18 bytes), align: 1
  Segment part 2.
           ENTRY                   ADDRESS         REF BY
           =====                   =======         ======
           strcat                  EA2C            SIM900_ReadSms (sim900)

    -------------------------------------------------------------------------
  LIBRARY MODULE, NAME : ?strcmp

  SEGMENTS IN THE MODULE
  ======================
<CODE> 1 (was CODE)
  Relative segment, address: E9A2 - E9BF (0x1e bytes), align: 1
  Segment part 2.
           ENTRY                   ADDRESS         REF BY
           =====                   =======         ======
           strcmp                  E9A2            TelDir_Del (teldir)
                                                   TelDir_FindTelNumber (teldir)
                                                   TelDir_Push (teldir)
                                                   USCI_A0_ISR (msp430_uart)

    -------------------------------------------------------------------------
  LIBRARY MODULE, NAME : ?strcpy

  SEGMENTS IN THE MODULE
  ======================
<CODE> 1 (was CODE)
  Relative segment, address: EAE2 - EAF1 (0x10 bytes), align: 1
  Segment part 2.
           ENTRY                   ADDRESS         REF BY
           =====                   =======         ======
           strcpy                  EAE2            SIM900_ReadSms (sim900)
                                                   SMS_Queue_Pop (sms_queue)
                                                   SMS_Queue_Push (sms_queue)
                                                   TelDir_Del (teldir)
                                                   TelDir_GetNextTelNum (teldir)
                                                   TelDir_Push (teldir)
                                                   TelDir_SetBalanceNumber (teldir)
                                                   USCI_A0_ISR (msp430_uart)

    -------------------------------------------------------------------------
  LIBRARY MODULE, NAME : ?strlen

  SEGMENTS IN THE MODULE
  ======================
<CODE> 1 (was CODE)
  Relative segment, address: EAC0 - EAD1 (0x12 bytes), align: 1
  Segment part 2.
           ENTRY                   ADDRESS         REF BY
           =====                   =======         ======
           strlen                  EAC0            SIM900_ReadSms (sim900)
                                                   SIM900_SendStr (sim900)
                                                   USCI_A0_ISR (msp430_uart)
                                                   strToCP1251 (ucs2)
                                                   strToUCS2 (ucs2)
                                                   toCP1251 (ucs2)




                ****************************************
                *                                      *
                *      SEGMENTS IN ADDRESS ORDER       *
                *                                      *
                ****************************************


SEGMENT              SPACE    START ADDRESS   END ADDRESS     SIZE  TYPE  ALIGN
=======              =====    =============   ===========     ====  ====  =====
DATA16_AN                              0140 - 0141               2   rel    0
                                       0144 - 0145               2 
                                       015C - 015D               2 
                                       0162 - 0167               6 
                                       01B0 - 01B1               2 
                                       0200 - 020B               C 
                                       0222 - 022B               A 
                                       0242 - 024B               A 
                                       0340 - 0341               2 
                                       0350 - 0353               4 
                                       0360 - 0361               2 
                                       0380 - 0381               2 
                                       0390 - 0393               4 
                                       03A0 - 03A1               2 
                                       05C0 - 05C1               2 
                                       05C6 - 05C7               2 
                                       05CA - 05CA               1 
                                       05CC - 05CC               1 
                                       05CE - 05CE               1 
                                       05DC - 05DF               4 
                                       0600 - 0601               2 
                                       0606 - 0607               2 
                                       060C - 060C               1 
                                       060E - 060E               1 
                                       061C - 061F               4 
                                       0740 - 0745               6 
                                       074A - 074B               2 
                                       0752 - 0753               2 
                                       075C - 075D               2 
DATA16_I                                  2400                       dse    0
DATA16_Z                               2400 - 29AC             5AD   rel    1
DATA16_N                               29AD - 2B9E             1F2   rel    0
DATA20_Z                                  2BA0                       rel    1
DATA20_N                                  2BA0                       rel    1
DATA20_I                                  2BA0                       rel    1
CODE_I                                    2BA0                       rel    1
DATA20_HEAP                            2BA0 - 2BEF              50   rel    1
CSTACK                                 3360 - 33FF              A0   rel    1
DATA16_C                               C000 - CDDD             DDE   rel    0
DATA20_C                                  CDDE                       rel    1
DATA20_ID                                 CDDE                       rel    1
CSTART                                 CDDE - CDF5              18   rel    1
ISR_CODE                               CDF6 - D193             39E   rel    1
CODE_ID                                   D194                       rel    1
<CODE> 1                               D194 - EB3D            19AA   rel    1
INTVEC                                 FF80 - FFF1              72   com    1
RESET                                  FFFE - FFFF               2   rel    1

                ****************************************
                *                                      *
                *        END OF CROSS REFERENCE        *
                *                                      *
                ****************************************

 7 636 bytes of CODE  memory
 2 191 bytes of DATA  memory (+ 95 absolute )
 3 550 bytes of CONST memory

Errors: none
Warnings: none

