################################################################################
#                                                                              #
#      IAR Universal Linker V5.2.4.16                                          #
#                                                                              #
#           Link time     =  18/Aug/2015  13:11:31                             #
#           Target CPU    =  MSP430                                            #
#           List file     =  "D:\gsme2 firmware\Debug\List\gsme2.map"          #
#           Output file 1 =  "D:\gsme2 firmware\Debug\Exe\gsme2.d43"           #
#                            Format: debug                                     #
#                            UBROF version 10.0.6                              #
#                            Using library modules for C-SPY (-rt)             #
#           Command line  =  "D:\gsme2 firmware\Debug\Obj\delay.r43"           #
#                            "D:\gsme2 firmware\Debug\Obj\loads.r43"           #
#                            "D:\gsme2 firmware\Debug\Obj\main.r43"            #
#                            "D:\gsme2 firmware\Debug\Obj\msp430_flash.r43"    #
#                            "D:\gsme2 firmware\Debug\Obj\msp430_uart.r43"     #
#                            "D:\gsme2 firmware\Debug\Obj\powmeas.r43"         #
#                            "D:\gsme2 firmware\Debug\Obj\sim900.r43"          #
#                            "D:\gsme2 firmware\Debug\Obj\sms_queue.r43"       #
#                            "D:\gsme2 firmware\Debug\Obj\smspool.r43"         #
#                            "D:\gsme2 firmware\Debug\Obj\teldir.r43"          #
#                            "D:\gsme2 firmware\Debug\Obj\ucs2.r43" -o         #
#                            "D:\gsme2 firmware\Debug\Exe\gsme2.d43" -l        #
#                            "D:\gsme2 firmware\Debug\List\gsme2.map" -xms     #
#                            "-IC:\Program Files (x86)\IAR Systems\Embedded Wo #
#                            rkbench 6.0\430\LIB\"                             #
#                            -f                                                #
#                            "C:\Program Files (x86)\IAR Systems\Embedded Work #
#                            bench 6.0\430\CONFIG\lnk430F5508.xcl"             #
#                            (-cmsp430 -QCODE_I=CODE_ID                        #
#                            -Z(DATA)DATA16_I,DATA16_Z,DATA16_N,TLS16_I,DATA16 #
#                            _HEAP+_DATA16_HEAP_SIZE=2400-33FF                 #
#                            -Z(DATA)CODE_I -Z(DATA)CSTACK+_STACK_SIZE#        #
#                            -Z(CONST)INFO=1800-19FF                           #
#                            -Z(CONST)INFOA=1980-19FF                          #
#                            -Z(CONST)INFOB=1900-197F                          #
#                            -Z(CONST)INFOC=1880-18FF                          #
#                            -Z(CONST)INFOD=1800-187F                          #
#                            -Z(CONST)DATA16_C,DATA16_ID,TLS16_ID,DIFUNCT,CHEC #
#                            KSUM=C000-FF7F                                    #
#                            -Z(CODE)CSTART,ISR_CODE,CODE_ID=C000-FF7F         #
#                            -P(CODE)CODE=C000-FF7F -Z(CODE)INTVEC=FF80-FFFF   #
#                            -Z(CODE)RESET=FFFE-FFFF) -f                       #
#                            "C:\Program Files (x86)\IAR Systems\Embedded Work #
#                            bench 6.0\430\config\multiplier32_loc2.xcl"       #
#                            (-e?Mul8HwLoc2=?Mul8 -e?Mul16HwLoc2=?Mul16        #
#                            -e?Mul16to32uHwLoc2=?Mul16to32u                   #
#                            -e?Mul16to32sHwLoc2=?Mul16to32s                   #
#                            -e?Mul32Hw32Loc2=?Mul32                           #
#                            -e?Mul64Hw32Loc2=_Mul64i                          #
#                            -e?Mul32u32uto64iHw32Loc2=_Mul32u32uto64i         #
#                            -e?Mul32fHwLoc2=_Mul32f                           #
#                            -e_Mul64fHwPtrLoc2=_Mul64fPtr) -D_STACK_SIZE=A0   #
#                            -rt                                               #
#                            "C:\Program Files (x86)\IAR Systems\Embedded Work #
#                            bench 6.0\430\LIB\DLIB\dl430xsfn.r43"             #
#                            -e_PrintfLarge=_Printf -e_ScanfLarge=_Scanf       #
#                            -D_DATA16_HEAP_SIZE=A0 -s __program_start         #
#                            -D_DATA20_HEAP_SIZE=50                            #
#                                                                              #
#                           Copyright (C) 1987-2011 IAR Systems AB.            #
################################################################################





                ****************************************
                *                                      *
                *           CROSS REFERENCE            *
                *                                      *
                ****************************************

       Program entry at :           CCE0  Relocatable, from module : ?cstart




                ****************************************
                *                                      *
                *            RUNTIME MODEL             *
                *                                      *
                ****************************************

  __Heap_Handler             = Basic
  __SystemLibrary            = DLib
  __core                     = 430X
  __data_model               = small
  __dlib_file_descriptor     = 0
  __dlib_full_locale_support = 0
  __double_size              = 32
  __pic                      = no
  __reg_r4                   = free
  __reg_r5                   = free
  __rt_version               = 3

                ****************************************
                *                                      *
                *    AUTOMATIC SYMBOL REDIRECTIONS     *
                *                                      *
                ****************************************

                  There are no automatic symbol redirections.



                ****************************************
                *                                      *
                *              MODULE MAP              *
                *                                      *
                ****************************************


  DEFINED ABSOLUTE ENTRIES
    *************************************************************************

  DEFINED ABSOLUTE ENTRIES
  PROGRAM MODULE, NAME : ?ABS_ENTRY_MOD

Absolute parts
           ENTRY                   ADDRESS         REF BY
           =====                   =======         ======
           _DATA20_HEAP_SIZE       0050 
           _DATA16_HEAP_SIZE       00A0 
           _STACK_SIZE             00A0 
    *************************************************************************

  FILE NAME : D:\gsme2 firmware\Debug\Obj\delay.r43
  PROGRAM MODULE, NAME : delay

  SEGMENTS IN THE MODULE
  ======================
DATA16_AN
  Relative segment, address: 0340 - 0341 (0x2 bytes), align: 0
  Segment part 1. ROOT.       Intra module refs:   Delay_DelayMs
                                                   Delay_Init
           ENTRY                   ADDRESS         REF BY
           =====                   =======         ======
           _A_TA0CTL               0340 
           LOCAL                   ADDRESS         
           =====                   =======         
           TA0CTL                  0340 
           TA0CTL_bit              0340 
    -------------------------------------------------------------------------
DATA16_AN
  Relative segment, address: 0350 - 0351 (0x2 bytes), align: 0
  Segment part 2. ROOT.       Intra module refs:   Delay_DelayMs
                                                   Delay_Init
           ENTRY                   ADDRESS         REF BY
           =====                   =======         ======
           TA0R                    0350 
    -------------------------------------------------------------------------
DATA16_AN
  Relative segment, address: 0352 - 0353 (0x2 bytes), align: 0
  Segment part 3. ROOT.       Intra module refs:   Delay_Init
           ENTRY                   ADDRESS         REF BY
           =====                   =======         ======
           TA0CCR0                 0352 
    -------------------------------------------------------------------------
DATA16_AN
  Relative segment, address: 0360 - 0361 (0x2 bytes), align: 0
  Segment part 4. ROOT.       Intra module refs:   Delay_Init
           ENTRY                   ADDRESS         REF BY
           =====                   =======         ======
           _A_TA0EX0               0360 
           LOCAL                   ADDRESS         
           =====                   =======         
           TA0EX0                  0360 
           TA0EX0_bit              0360 
    -------------------------------------------------------------------------
<CODE> 1 (was CODE)
  Relative segment, address: E69E - E6C1 (0x24 bytes), align: 1
  Segment part 7.
           ENTRY                   ADDRESS         REF BY
           =====                   =======         ======
           Delay_Init              E69E            main (main)
               CSTACK = 00000000 ( 00000004 )
    -------------------------------------------------------------------------
<CODE> 1 (was CODE)
  Relative segment, address: E624 - E64D (0x2a bytes), align: 1
  Segment part 6.
           ENTRY                   ADDRESS         REF BY
           =====                   =======         ======
           Delay_DelayMs           E624            ErrorHandler (main)
                                                   PowMeas_GetTemp (powmeas)
                                                   SIM900_ReInit (sim900)
                                                   SIM900_SendSms (sim900)
                                                   SIM900_SoftReset (sim900)
                                                   SIM900_WaitForResponse (sim900)
               CSTACK = 00000000 ( 00000006 )

    *************************************************************************

  FILE NAME : D:\gsme2 firmware\Debug\Obj\loads.r43
  PROGRAM MODULE, NAME : loads

  SEGMENTS IN THE MODULE
  ======================
DATA16_AN
  Relative segment, address: 0242 - 0242 (0x1 bytes), align: 0
  Segment part 1. ROOT.       Intra module refs:   ErrorHandler (main)
                                                   Loads_Command
                                                   Loads_Init
                                                   PowMeas_Init (powmeas)
                                                   SIM900_ReInit (sim900)
                                                   TIMER1_A1_ISR (main)
                                                   main (main)
           ENTRY                   ADDRESS         REF BY
           =====                   =======         ======
           _A_P5OUT                0242 
           LOCAL                   ADDRESS         
           =====                   =======         
           P5OUT                   0242 
           P5OUT_bit               0242 
    -------------------------------------------------------------------------
DATA16_AN
  Relative segment, address: 0244 - 0244 (0x1 bytes), align: 0
  Segment part 2. ROOT.       Intra module refs:   Loads_Init
                                                   PowMeas_Init (powmeas)
                                                   main (main)
           ENTRY                   ADDRESS         REF BY
           =====                   =======         ======
           _A_P5DIR                0244 
           LOCAL                   ADDRESS         
           =====                   =======         
           P5DIR                   0244 
           P5DIR_bit               0244 
    -------------------------------------------------------------------------
DATA16_AN
  Relative segment, address: 0246 - 0246 (0x1 bytes), align: 0
  Segment part 3. ROOT.       Intra module refs:   Loads_Init
                                                   PowMeas_Init (powmeas)
                                                   main (main)
           ENTRY                   ADDRESS         REF BY
           =====                   =======         ======
           _A_P5REN                0246 
           LOCAL                   ADDRESS         
           =====                   =======         
           P5REN                   0246 
           P5REN_bit               0246 
    -------------------------------------------------------------------------
DATA16_AN
  Relative segment, address: 0248 - 0248 (0x1 bytes), align: 0
  Segment part 4. ROOT.       Intra module refs:   Loads_Init
                                                   PowMeas_Init (powmeas)
                                                   main (main)
           ENTRY                   ADDRESS         REF BY
           =====                   =======         ======
           _A_P5DS                 0248 
           LOCAL                   ADDRESS         
           =====                   =======         
           P5DS                    0248 
           P5DS_bit                0248 
    -------------------------------------------------------------------------
DATA16_AN
  Relative segment, address: 024A - 024A (0x1 bytes), align: 0
  Segment part 5. ROOT.       Intra module refs:   Loads_Init
                                                   PowMeas_Init (powmeas)
                                                   main (main)
           ENTRY                   ADDRESS         REF BY
           =====                   =======         ======
           _A_P5SEL                024A 
           LOCAL                   ADDRESS         
           =====                   =======         
           P5SEL                   024A 
           P5SEL_bit               024A 
    -------------------------------------------------------------------------
<CODE> 1 (was CODE)
  Relative segment, address: E424 - E461 (0x3e bytes), align: 1
  Segment part 8.
           ENTRY                   ADDRESS         REF BY
           =====                   =======         ======
           Loads_Init              E424            main (main)
               CSTACK = 00000000 ( 00000004 )
    -------------------------------------------------------------------------
<CODE> 1 (was CODE)
  Relative segment, address: E570 - E5A1 (0x32 bytes), align: 1
  Segment part 7.
           ENTRY                   ADDRESS         REF BY
           =====                   =======         ======
           Loads_Command           E570            SIM900_ReadSms (sim900)
                                                   TIMER1_A1_ISR (main)
               CSTACK = 00000000 ( 00000004 )

    *************************************************************************

  FILE NAME : D:\gsme2 firmware\Debug\Obj\main.r43
  PROGRAM MODULE, NAME : main

  SEGMENTS IN THE MODULE
  ======================
DATA16_AN
  Relative segment, address: 0203 - 0203 (0x1 bytes), align: 0
  Segment part 1. ROOT.       Intra module refs:   SIM900_PowerOff (sim900)
                                                   SIM900_PowerOn (sim900)
                                                   SIM900_ReInit (sim900)
                                                   SIM900_SoftReset (sim900)
           ENTRY                   ADDRESS         REF BY
           =====                   =======         ======
           _A_P2OUT                0203 
           LOCAL                   ADDRESS         
           =====                   =======         
           P2OUT                   0203 
           P2OUT_bit               0203 
    -------------------------------------------------------------------------
DATA16_AN
  Relative segment, address: 0205 - 0205 (0x1 bytes), align: 0
  Segment part 2. ROOT.       Intra module refs:   SIM900_PowerOff (sim900)
                                                   SIM900_PowerOn (sim900)
                                                   SIM900_ReInit (sim900)
                                                   SIM900_SoftReset (sim900)
           ENTRY                   ADDRESS         REF BY
           =====                   =======         ======
           _A_P2DIR                0205 
           LOCAL                   ADDRESS         
           =====                   =======         
           P2DIR                   0205 
           P2DIR_bit               0205 
    -------------------------------------------------------------------------
DATA16_AN
  Relative segment, address: 0207 - 0207 (0x1 bytes), align: 0
  Segment part 3. ROOT.       Intra module refs:   SIM900_ReInit (sim900)
           ENTRY                   ADDRESS         REF BY
           =====                   =======         ======
           _A_P2REN                0207 
           LOCAL                   ADDRESS         
           =====                   =======         
           P2REN                   0207 
           P2REN_bit               0207 
    -------------------------------------------------------------------------
DATA16_AN
  Relative segment, address: 0209 - 0209 (0x1 bytes), align: 0
  Segment part 4. ROOT.       Intra module refs:   SIM900_ReInit (sim900)
           ENTRY                   ADDRESS         REF BY
           =====                   =======         ======
           _A_P2DS                 0209 
           LOCAL                   ADDRESS         
           =====                   =======         
           P2DS                    0209 
           P2DS_bit                0209 
    -------------------------------------------------------------------------
DATA16_AN
  Relative segment, address: 020B - 020B (0x1 bytes), align: 0
  Segment part 5. ROOT.       Intra module refs:   SIM900_ReInit (sim900)
           ENTRY                   ADDRESS         REF BY
           =====                   =======         ======
           _A_P2SEL                020B 
           LOCAL                   ADDRESS         
           =====                   =======         
           P2SEL                   020B 
           P2SEL_bit               020B 
    -------------------------------------------------------------------------
DATA16_AN
  Relative segment, address: 0222 - 0222 (0x1 bytes), align: 0
  Segment part 6. ROOT.       Intra module refs:   MSP430_UART_Init (msp430_uart)
                                                   SendCmd
           ENTRY                   ADDRESS         REF BY
           =====                   =======         ======
           _A_P3OUT                0222 
           LOCAL                   ADDRESS         
           =====                   =======         
           P3OUT                   0222 
           P3OUT_bit               0222 
    -------------------------------------------------------------------------
DATA16_AN
  Relative segment, address: 0224 - 0224 (0x1 bytes), align: 0
  Segment part 7. ROOT.       Intra module refs:   MSP430_UART_Init (msp430_uart)
           ENTRY                   ADDRESS         REF BY
           =====                   =======         ======
           _A_P3DIR                0224 
           LOCAL                   ADDRESS         
           =====                   =======         
           P3DIR                   0224 
           P3DIR_bit               0224 
    -------------------------------------------------------------------------
DATA16_AN
  Relative segment, address: 0226 - 0226 (0x1 bytes), align: 0
  Segment part 8. ROOT.       Intra module refs:   MSP430_UART_Init (msp430_uart)
           ENTRY                   ADDRESS         REF BY
           =====                   =======         ======
           _A_P3REN                0226 
           LOCAL                   ADDRESS         
           =====                   =======         
           P3REN                   0226 
           P3REN_bit               0226 
    -------------------------------------------------------------------------
DATA16_AN
  Relative segment, address: 0228 - 0228 (0x1 bytes), align: 0
  Segment part 9. ROOT.       Intra module refs:   MSP430_UART_Init (msp430_uart)
           ENTRY                   ADDRESS         REF BY
           =====                   =======         ======
           _A_P3DS                 0228 
           LOCAL                   ADDRESS         
           =====                   =======         
           P3DS                    0228 
           P3DS_bit                0228 
    -------------------------------------------------------------------------
DATA16_AN
  Relative segment, address: 022A - 022A (0x1 bytes), align: 0
  Segment part 10. ROOT.      Intra module refs:   MSP430_UART_Init (msp430_uart)
           ENTRY                   ADDRESS         REF BY
           =====                   =======         ======
           _A_P3SEL                022A 
           LOCAL                   ADDRESS         
           =====                   =======         
           P3SEL                   022A 
           P3SEL_bit               022A 
    -------------------------------------------------------------------------
DATA16_AN
  Relative segment, address: 0380 - 0381 (0x2 bytes), align: 0
  Segment part 16. ROOT.      Intra module refs:   SysTimer_Start
                                                   TIMER1_A1_ISR
           ENTRY                   ADDRESS         REF BY
           =====                   =======         ======
           _A_TA1CTL               0380 
           LOCAL                   ADDRESS         
           =====                   =======         
           TA1CTL                  0380 
           TA1CTL_bit              0380 
    -------------------------------------------------------------------------
DATA16_AN
  Relative segment, address: 0390 - 0391 (0x2 bytes), align: 0
  Segment part 17. ROOT.      Intra module refs:   SysTimer_Start
                                                   TIMER1_A1_ISR
           ENTRY                   ADDRESS         REF BY
           =====                   =======         ======
           TA1R                    0390 
    -------------------------------------------------------------------------
DATA16_AN
  Relative segment, address: 0392 - 0393 (0x2 bytes), align: 0
  Segment part 18. ROOT.      Intra module refs:   SysTimer_Start
           ENTRY                   ADDRESS         REF BY
           =====                   =======         ======
           TA1CCR0                 0392 
    -------------------------------------------------------------------------
DATA16_AN
  Relative segment, address: 03A0 - 03A1 (0x2 bytes), align: 0
  Segment part 19. ROOT.      Intra module refs:   SysTimer_Start
           ENTRY                   ADDRESS         REF BY
           =====                   =======         ======
           _A_TA1EX0               03A0 
           LOCAL                   ADDRESS         
           =====                   =======         
           TA1EX0                  03A0 
           TA1EX0_bit              03A0 
    -------------------------------------------------------------------------
DATA16_AN
  Relative segment, address: 0162 - 0163 (0x2 bytes), align: 0
  Segment part 20. ROOT.      Intra module refs:   MSP430_UCS_Init
           ENTRY                   ADDRESS         REF BY
           =====                   =======         ======
           _A_UCSCTL1              0162 
           LOCAL                   ADDRESS         
           =====                   =======         
           UCSCTL1                 0162 
           UCSCTL1_bit             0162 
    -------------------------------------------------------------------------
DATA16_AN
  Relative segment, address: 0164 - 0165 (0x2 bytes), align: 0
  Segment part 21. ROOT.      Intra module refs:   MSP430_UCS_Init
           ENTRY                   ADDRESS         REF BY
           =====                   =======         ======
           _A_UCSCTL2              0164 
           LOCAL                   ADDRESS         
           =====                   =======         
           UCSCTL2                 0164 
           UCSCTL2_bit             0164 
    -------------------------------------------------------------------------
DATA16_AN
  Relative segment, address: 0166 - 0167 (0x2 bytes), align: 0
  Segment part 22. ROOT.      Intra module refs:   MSP430_UCS_Init
           ENTRY                   ADDRESS         REF BY
           =====                   =======         ======
           _A_UCSCTL3              0166 
           LOCAL                   ADDRESS         
           =====                   =======         
           UCSCTL3                 0166 
           UCSCTL3_bit             0166 
    -------------------------------------------------------------------------
DATA16_AN
  Relative segment, address: 015C - 015D (0x2 bytes), align: 0
  Segment part 23. ROOT.      Intra module refs:   main
           ENTRY                   ADDRESS         REF BY
           =====                   =======         ======
           _A_WDTCTL               015C 
           LOCAL                   ADDRESS         
           =====                   =======         
           WDTCTL                  015C 
           WDTCTL_bit              015C 
    -------------------------------------------------------------------------
DATA16_C
  Relative segment, address: C000 - C014 (0x15 bytes), align: 0
  Segment part 26.            Intra module refs:   main
    -------------------------------------------------------------------------
DATA16_C
  Relative segment, address: C015 - C041 (0x2d bytes), align: 0
  Segment part 27.            Intra module refs:   main
    -------------------------------------------------------------------------
DATA16_C
  Relative segment, address: C042 - C047 (0x6 bytes), align: 0
  Segment part 28.            Intra module refs:   main
    -------------------------------------------------------------------------
DATA16_C
  Relative segment, address: C048 - C104 (0xbd bytes), align: 0
  Segment part 29.            Intra module refs:   main
           LOCAL                   ADDRESS         
           =====                   =======         
           SIM900_SMS_REPORT_LINK_LOST_WITH_MAIN_CONTROLLER
                                   C048 
    -------------------------------------------------------------------------
DATA16_C
  Relative segment, address: C105 - C15D (0x59 bytes), align: 0
  Segment part 30.            Intra module refs:   main
           LOCAL                   ADDRESS         
           =====                   =======         
           SIM900_SMS_REPORT_CLOSE_NOT_ALL
                                   C105 
    -------------------------------------------------------------------------
DATA16_C
  Relative segment, address: C15E - C1B6 (0x59 bytes), align: 0
  Segment part 31.            Intra module refs:   main
           LOCAL                   ADDRESS         
           =====                   =======         
           SIM900_SMS_REPORT_OPEN_NOT_ALL
                                   C15E 
    -------------------------------------------------------------------------
DATA16_Z
  Relative segment, address: 2400 - 2455 (0x56 bytes), align: 1
  Segment part 32.            Intra module refs:   SendCmd
                                                   TIMER1_A1_ISR
                                                   main
           ENTRY                   ADDRESS         REF BY
           =====                   =======         ======
           State                   2400            SIM900_ReadSms (sim900)
                                                   USCI_A0_ISR (msp430_uart)
    -------------------------------------------------------------------------
DATA16_Z
  Relative segment, address: 2670 - 26BB (0x4c bytes), align: 0
  Segment part 33.
           ENTRY                   ADDRESS         REF BY
           =====                   =======         ======
           InPack                  2670            SIM900_ReadSms (sim900)
                                                   USCI_A0_ISR (msp430_uart)
    -------------------------------------------------------------------------
DATA16_Z
  Relative segment, address: 26BC - 26D5 (0x1a bytes), align: 0
  Segment part 34.            Intra module refs:   SendCmd
           ENTRY                   ADDRESS         REF BY
           =====                   =======         ======
           OutPack                 26BC            USCI_A0_ISR (msp430_uart)
    -------------------------------------------------------------------------
<CODE> 1 (was CODE)
  Relative segment, address: D7F0 - D907 (0x118 bytes), align: 1
  Segment part 42.
           ENTRY                   ADDRESS         REF BY
           =====                   =======         ======
           main                    D7F0            Segment part 22 (?cstart)
               calls direct
               CSTACK = 00000000 ( 00000032 )
    -------------------------------------------------------------------------
<CODE> 1 (was CODE)
  Relative segment, address: E358 - E3A3 (0x4c bytes), align: 1
  Segment part 41.
           ENTRY                   ADDRESS         REF BY
           =====                   =======         ======
           ErrorHandler            E358            SIM900_ReadSms (sim900)
                                                   SIM900_SendSms (sim900)
               calls direct
               CSTACK = 00000000 ( 0000000C )
    -------------------------------------------------------------------------
<CODE> 1 (was CODE)
  Relative segment, address: E5A2 - E5CD (0x2c bytes), align: 1
  Segment part 40.            Intra module refs:   main
           ENTRY                   ADDRESS         REF BY
           =====                   =======         ======
           SysTimer_Start          E5A2 
               CSTACK = 00000000 ( 00000004 )
    -------------------------------------------------------------------------
ISR_CODE
  Relative segment, address: CCF8 - CD71 (0x7a bytes), align: 1
  Segment part 43.            Intra module refs:   TIMER1_A1_ISR::??INTVEC 96
           ENTRY                   ADDRESS         REF BY
           =====                   =======         ======
           TIMER1_A1_ISR           CCF8 
               interrupt function
               calls direct
               CSTACK = 00000000 ( 0000000C )
    -------------------------------------------------------------------------
<CODE> 1 (was CODE)
  Relative segment, address: E06A - E0D5 (0x6c bytes), align: 1
  Segment part 39.
           ENTRY                   ADDRESS         REF BY
           =====                   =======         ======
           SendCmd                 E06A            USCI_A0_ISR (msp430_uart)
               calls direct
               CSTACK = 00000000 ( 00000004 )
    -------------------------------------------------------------------------
<CODE> 1 (was CODE)
  Relative segment, address: E7EE - E805 (0x18 bytes), align: 1
  Segment part 37.            Intra module refs:   SendCmd
           ENTRY                   ADDRESS         REF BY
           =====                   =======         ======
           CRC_Calc                E7EE            USCI_A0_ISR (msp430_uart)
               CSTACK = 00000000 ( 00000004 )
    -------------------------------------------------------------------------
<CODE> 1 (was CODE)
  Relative segment, address: E3A4 - E3E5 (0x42 bytes), align: 1
  Segment part 36.            Intra module refs:   main
           ENTRY                   ADDRESS         REF BY
           =====                   =======         ======
           MSP430_UCS_Init         E3A4 
               CSTACK = 00000000 ( 00000004 )
    -------------------------------------------------------------------------
INTVEC
  Common segment, address: FF80 - FFE1 (0x62 bytes), align: 1
  Segment part 24. ROOT.
           ENTRY                   ADDRESS         REF BY
           =====                   =======         ======
           TIMER1_A1_ISR::??INTVEC 96
                                   FFE0 

    *************************************************************************

  FILE NAME : D:\gsme2 firmware\Debug\Obj\msp430_flash.r43
  PROGRAM MODULE, NAME : msp430_flash

  SEGMENTS IN THE MODULE
  ======================
DATA16_AN
  Relative segment, address: 0140 - 0141 (0x2 bytes), align: 0
  Segment part 1. ROOT.       Intra module refs:   flash_write
           ENTRY                   ADDRESS         REF BY
           =====                   =======         ======
           _A_FCTL1                0140 
           LOCAL                   ADDRESS         
           =====                   =======         
           FCTL1                   0140 
           FCTL1_bit               0140 
    -------------------------------------------------------------------------
DATA16_AN
  Relative segment, address: 0144 - 0145 (0x2 bytes), align: 0
  Segment part 2. ROOT.       Intra module refs:   flash_write
           ENTRY                   ADDRESS         REF BY
           =====                   =======         ======
           _A_FCTL3                0144 
           LOCAL                   ADDRESS         
           =====                   =======         
           FCTL3                   0144 
           FCTL3_bit               0144 
    -------------------------------------------------------------------------
<CODE> 1 (was CODE)
  Relative segment, address: DB9E - DC69 (0xcc bytes), align: 1
  Segment part 5.
           ENTRY                   ADDRESS         REF BY
           =====                   =======         ======
           flash_write             DB9E            TelDir_Clean (teldir)
                                                   TelDir_Del (teldir)
                                                   TelDir_Push (teldir)
                                                   TelDir_SetBalanceNumber (teldir)
               CSTACK = 00000000 ( 00000008 )
    -------------------------------------------------------------------------
<CODE> 1 (was CODE)
  Relative segment, address: E5FA - E623 (0x2a bytes), align: 1
  Segment part 4.
           ENTRY                   ADDRESS         REF BY
           =====                   =======         ======
           flash_read              E5FA            TelDir_Init (teldir)
               CSTACK = 00000000 ( 00000006 )

    *************************************************************************

  FILE NAME : D:\gsme2 firmware\Debug\Obj\msp430_uart.r43
  PROGRAM MODULE, NAME : msp430_uart

  SEGMENTS IN THE MODULE
  ======================
DATA16_AN
  Relative segment, address: 022B - 022B (0x1 bytes), align: 0
  Segment part 6. ROOT.       Intra module refs:   MSP430_UART_Init
                                                   SIM900_PowerOff (sim900)
                                                   SIM900_PowerOn (sim900)
           ENTRY                   ADDRESS         REF BY
           =====                   =======         ======
           _A_P4SEL                022B 
           LOCAL                   ADDRESS         
           =====                   =======         
           P4SEL                   022B 
           P4SEL_bit               022B 
    -------------------------------------------------------------------------
DATA16_AN
  Relative segment, address: 05C1 - 05C1 (0x1 bytes), align: 0
  Segment part 7. ROOT.       Intra module refs:   MSP430_UART_Init
           ENTRY                   ADDRESS         REF BY
           =====                   =======         ======
           _A_UCA0CTL0             05C1 
           LOCAL                   ADDRESS         
           =====                   =======         
           UCA0CTL0                05C1 
           UCA0CTL0_bit            05C1 
    -------------------------------------------------------------------------
DATA16_AN
  Relative segment, address: 05C0 - 05C0 (0x1 bytes), align: 0
  Segment part 8. ROOT.       Intra module refs:   MSP430_UART_Init
                                                   MSP430_UART_SendAddress
           ENTRY                   ADDRESS         REF BY
           =====                   =======         ======
           _A_UCA0CTL1             05C0 
           LOCAL                   ADDRESS         
           =====                   =======         
           UCA0CTL1                05C0 
           UCA0CTL1_bit            05C0 
    -------------------------------------------------------------------------
DATA16_AN
  Relative segment, address: 05C6 - 05C7 (0x2 bytes), align: 0
  Segment part 9. ROOT.       Intra module refs:   MSP430_UART_Init
           ENTRY                   ADDRESS         REF BY
           =====                   =======         ======
           UCA0BRW                 05C6 
    -------------------------------------------------------------------------
DATA16_AN
  Relative segment, address: 05CA - 05CA (0x1 bytes), align: 0
  Segment part 10. ROOT.      Intra module refs:   USCI_A0_ISR
           ENTRY                   ADDRESS         REF BY
           =====                   =======         ======
           _A_UCA0STAT             05CA 
           LOCAL                   ADDRESS         
           =====                   =======         
           UCA0STAT                05CA 
           UCA0STAT_bit            05CA 
    -------------------------------------------------------------------------
DATA16_AN
  Relative segment, address: 05CC - 05CC (0x1 bytes), align: 0
  Segment part 11. ROOT.      Intra module refs:   USCI_A0_ISR
           ENTRY                   ADDRESS         REF BY
           =====                   =======         ======
           UCA0RXBUF               05CC 
    -------------------------------------------------------------------------
DATA16_AN
  Relative segment, address: 05CE - 05CE (0x1 bytes), align: 0
  Segment part 12. ROOT.      Intra module refs:   MSP430_UART_Send
                                                   MSP430_UART_SendAddress
           ENTRY                   ADDRESS         REF BY
           =====                   =======         ======
           UCA0TXBUF               05CE 
    -------------------------------------------------------------------------
DATA16_AN
  Relative segment, address: 05DC - 05DC (0x1 bytes), align: 0
  Segment part 13. ROOT.      Intra module refs:   MSP430_UART_Init
           ENTRY                   ADDRESS         REF BY
           =====                   =======         ======
           _A_UCA0IE               05DC 
           LOCAL                   ADDRESS         
           =====                   =======         
           UCA0IE                  05DC 
           UCA0IE_bit              05DC 
    -------------------------------------------------------------------------
DATA16_AN
  Relative segment, address: 05DD - 05DD (0x1 bytes), align: 0
  Segment part 14. ROOT.      Intra module refs:   MSP430_UART_Send
                                                   MSP430_UART_SendAddress
           ENTRY                   ADDRESS         REF BY
           =====                   =======         ======
           _A_UCA0IFG              05DD 
           LOCAL                   ADDRESS         
           =====                   =======         
           UCA0IFG                 05DD 
           UCA0IFG_bit             05DD 
    -------------------------------------------------------------------------
DATA16_AN
  Relative segment, address: 05DE - 05DF (0x2 bytes), align: 0
  Segment part 15. ROOT.      Intra module refs:   USCI_A0_ISR
           ENTRY                   ADDRESS         REF BY
           =====                   =======         ======
           UCA0IV                  05DE 
    -------------------------------------------------------------------------
DATA16_AN
  Relative segment, address: 0600 - 0600 (0x1 bytes), align: 0
  Segment part 16. ROOT.      Intra module refs:   MSP430_UART_Init
           ENTRY                   ADDRESS         REF BY
           =====                   =======         ======
           _A_UCA1CTL1             0600 
           LOCAL                   ADDRESS         
           =====                   =======         
           UCA1CTL1                0600 
           UCA1CTL1_bit            0600 
    -------------------------------------------------------------------------
DATA16_AN
  Relative segment, address: 0606 - 0607 (0x2 bytes), align: 0
  Segment part 17. ROOT.      Intra module refs:   MSP430_UART_Init
           ENTRY                   ADDRESS         REF BY
           =====                   =======         ======
           UCA1BRW                 0606 
    -------------------------------------------------------------------------
DATA16_AN
  Relative segment, address: 060C - 060C (0x1 bytes), align: 0
  Segment part 18. ROOT.      Intra module refs:   USCI_A1_ISR
           ENTRY                   ADDRESS         REF BY
           =====                   =======         ======
           UCA1RXBUF               060C 
    -------------------------------------------------------------------------
DATA16_AN
  Relative segment, address: 060E - 060E (0x1 bytes), align: 0
  Segment part 19. ROOT.      Intra module refs:   MSP430_UART_Send
           ENTRY                   ADDRESS         REF BY
           =====                   =======         ======
           UCA1TXBUF               060E 
    -------------------------------------------------------------------------
DATA16_AN
  Relative segment, address: 061C - 061C (0x1 bytes), align: 0
  Segment part 20. ROOT.      Intra module refs:   MSP430_UART_Init
           ENTRY                   ADDRESS         REF BY
           =====                   =======         ======
           _A_UCA1IE               061C 
           LOCAL                   ADDRESS         
           =====                   =======         
           UCA1IE                  061C 
           UCA1IE_bit              061C 
    -------------------------------------------------------------------------
DATA16_AN
  Relative segment, address: 061D - 061D (0x1 bytes), align: 0
  Segment part 21. ROOT.      Intra module refs:   MSP430_UART_Send
           ENTRY                   ADDRESS         REF BY
           =====                   =======         ======
           _A_UCA1IFG              061D 
           LOCAL                   ADDRESS         
           =====                   =======         
           UCA1IFG                 061D 
           UCA1IFG_bit             061D 
    -------------------------------------------------------------------------
DATA16_AN
  Relative segment, address: 061E - 061F (0x2 bytes), align: 0
  Segment part 22. ROOT.      Intra module refs:   USCI_A1_ISR
           ENTRY                   ADDRESS         REF BY
           =====                   =======         ======
           UCA1IV                  061E 
    -------------------------------------------------------------------------
DATA16_C
  Relative segment, address: C1B7 - C1BA (0x4 bytes), align: 0
  Segment part 26.            Intra module refs:   USCI_A0_ISR
    -------------------------------------------------------------------------
DATA16_C
  Relative segment, address: C1BB - C203 (0x49 bytes), align: 0
  Segment part 27.            Intra module refs:   USCI_A0_ISR
           LOCAL                   ADDRESS         
           =====                   =======         
           SIM900_SMS_REPORT_LEAK
                                   C1BB 
    -------------------------------------------------------------------------
DATA16_C
  Relative segment, address: C204 - C2A0 (0x9d bytes), align: 0
  Segment part 28.            Intra module refs:   USCI_A0_ISR
           LOCAL                   ADDRESS         
           =====                   =======         
           SIM900_SMS_REPORT_CHECK_BATTERY
                                   C204 
    -------------------------------------------------------------------------
DATA16_C
  Relative segment, address: C2A1 - C35D (0xbd bytes), align: 0
  Segment part 29.            Intra module refs:   USCI_A0_ISR
           LOCAL                   ADDRESS         
           =====                   =======         
           SIM900_DMD_REPORT_LINK_LOST
                                   C2A1 
    -------------------------------------------------------------------------
DATA16_C
  Relative segment, address: C35E - C39A (0x3d bytes), align: 0
  Segment part 30.            Intra module refs:   USCI_A0_ISR
           LOCAL                   ADDRESS         
           =====                   =======         
           SIM900_LEAK_REMOVED     C35E 
    -------------------------------------------------------------------------
DATA16_C
  Relative segment, address: C39B - C3E7 (0x4d bytes), align: 0
  Segment part 31.            Intra module refs:   USCI_A0_ISR
           LOCAL                   ADDRESS         
           =====                   =======         
           SIM900_SMS_REPORT_CLOSE_OK
                                   C39B 
    -------------------------------------------------------------------------
DATA16_C
  Relative segment, address: C3E8 - C434 (0x4d bytes), align: 0
  Segment part 32.            Intra module refs:   USCI_A0_ISR
           LOCAL                   ADDRESS         
           =====                   =======         
           SIM900_SMS_REPORT_OPEN_OK
                                   C3E8 
    -------------------------------------------------------------------------
DATA16_Z
  Relative segment, address: 26D6 - 2801 (0x12c bytes), align: 0
  Segment part 33.            Intra module refs:   USCI_A1_ISR
           ENTRY                   ADDRESS         REF BY
           =====                   =======         ======
           CirBuf                  26D6            SIM900_CircularBuf_Search (sim900)
                                                   SIM900_CircularBuffer_Extract (sim900)
                                                   SIM900_CircularBuffer_ExtractBalanceNum (sim900)
                                                   SIM900_CircularBuffer_ExtractTelNum (sim900)
    -------------------------------------------------------------------------
DATA16_Z
  Relative segment, address: 2456 - 2457 (0x2 bytes), align: 1
  Segment part 34.            Intra module refs:   USCI_A1_ISR
           ENTRY                   ADDRESS         REF BY
           =====                   =======         ======
           CirBuf_Tail             2456            SIM900_CircularBuf_Search (sim900)
                                                   SIM900_CircularBuffer_Extract (sim900)
                                                   SIM900_CircularBuffer_ExtractBalanceNum (sim900)
                                                   SIM900_CircularBuffer_ExtractTelNum (sim900)
                                                   SIM900_CircularBuffer_Purge (sim900)
    -------------------------------------------------------------------------
DATA16_Z
  Relative segment, address: 2458 - 2459 (0x2 bytes), align: 1
  Segment part 35.            Intra module refs:   USCI_A1_ISR
           ENTRY                   ADDRESS         REF BY
           =====                   =======         ======
           CirBuf_Head             2458            SIM900_CircularBuf_Search (sim900)
                                                   SIM900_CircularBuffer_Extract (sim900)
                                                   SIM900_CircularBuffer_ExtractBalanceNum (sim900)
                                                   SIM900_CircularBuffer_ExtractTelNum (sim900)
                                                   SIM900_CircularBuffer_Purge (sim900)
    -------------------------------------------------------------------------
DATA16_Z
  Relative segment, address: 245A - 245B (0x2 bytes), align: 1
  Segment part 36.            Intra module refs:   USCI_A1_ISR
           ENTRY                   ADDRESS         REF BY
           =====                   =======         ======
           CirBuf_NumBytes         245A            SIM900_CircularBuf_Search (sim900)
                                                   SIM900_CircularBuffer_Extract (sim900)
                                                   SIM900_CircularBuffer_ExtractBalanceNum (sim900)
                                                   SIM900_CircularBuffer_ExtractTelNum (sim900)
                                                   SIM900_CircularBuffer_Purge (sim900)
    -------------------------------------------------------------------------
<CODE> 1 (was CODE)
  Relative segment, address: E1A2 - E205 (0x64 bytes), align: 1
  Segment part 42.
           ENTRY                   ADDRESS         REF BY
           =====                   =======         ======
           MSP430_UART_Init        E1A2            main (main)
               CSTACK = 00000000 ( 00000004 )
    -------------------------------------------------------------------------
<CODE> 1 (was CODE)
  Relative segment, address: E7A4 - E7BD (0x1a bytes), align: 1
  Segment part 41.
           ENTRY                   ADDRESS         REF BY
           =====                   =======         ======
           MSP430_UART_SendAddress
                                   E7A4            SendCmd (main)
               CSTACK = 00000000 ( 00000004 )
    -------------------------------------------------------------------------
<CODE> 1 (was CODE)
  Relative segment, address: E53E - E56F (0x32 bytes), align: 1
  Segment part 40.
           ENTRY                   ADDRESS         REF BY
           =====                   =======         ======
           MSP430_UART_Send        E53E            SIM900_SendStr (sim900)
                                                   SendCmd (main)
               CSTACK = 00000000 ( 00000004 )
    -------------------------------------------------------------------------
ISR_CODE
  Relative segment, address: CD72 - D063 (0x2f2 bytes), align: 1
  Segment part 39.            Intra module refs:   USCI_A0_ISR::??INTVEC 112
           ENTRY                   ADDRESS         REF BY
           =====                   =======         ======
           USCI_A0_ISR             CD72 
               interrupt function
               calls direct
               CSTACK = 00000000 ( 000000F4 )
    -------------------------------------------------------------------------
DATA16_Z
  Relative segment, address: 2802 - 2802 (0x1 bytes), align: 0
  Segment part 37.            Intra module refs:   USCI_A0_ISR
           LOCAL                   ADDRESS         
           =====                   =======         
           USCI_A0_ISR::num_received_bytes
                                   2802 
    -------------------------------------------------------------------------
ISR_CODE
  Relative segment, address: D064 - D0AF (0x4c bytes), align: 1
  Segment part 38.            Intra module refs:   USCI_A1_ISR::??INTVEC 92
           ENTRY                   ADDRESS         REF BY
           =====                   =======         ======
           USCI_A1_ISR             D064 
               interrupt function
               CSTACK = 00000000 ( 00000006 )
    -------------------------------------------------------------------------
INTVEC
  Common segment, address: FF80 - FFDD (0x5e bytes), align: 1
  Segment part 23. ROOT.
           ENTRY                   ADDRESS         REF BY
           =====                   =======         ======
           USCI_A1_ISR::??INTVEC 92
                                   FFDC 
    -------------------------------------------------------------------------
INTVEC
  Common segment, address: FF80 - FFF1 (0x72 bytes), align: 1
  Segment part 24. ROOT.
           ENTRY                   ADDRESS         REF BY
           =====                   =======         ======
           USCI_A0_ISR::??INTVEC 112
                                   FFF0 

    *************************************************************************

  FILE NAME : D:\gsme2 firmware\Debug\Obj\powmeas.r43
  PROGRAM MODULE, NAME : powmeas

  SEGMENTS IN THE MODULE
  ======================
DATA16_AN
  Relative segment, address: 0740 - 0741 (0x2 bytes), align: 0
  Segment part 1. ROOT.       Intra module refs:   PowMeas_AdcGet
                                                   PowMeas_Init
           ENTRY                   ADDRESS         REF BY
           =====                   =======         ======
           _A_ADC10CTL0            0740 
           LOCAL                   ADDRESS         
           =====                   =======         
           ADC10CTL0               0740 
           ADC10CTL0_bit           0740 
    -------------------------------------------------------------------------
DATA16_AN
  Relative segment, address: 0742 - 0743 (0x2 bytes), align: 0
  Segment part 2. ROOT.       Intra module refs:   PowMeas_Init
           ENTRY                   ADDRESS         REF BY
           =====                   =======         ======
           _A_ADC10CTL1            0742 
           LOCAL                   ADDRESS         
           =====                   =======         
           ADC10CTL1               0742 
           ADC10CTL1_bit           0742 
    -------------------------------------------------------------------------
DATA16_AN
  Relative segment, address: 0744 - 0745 (0x2 bytes), align: 0
  Segment part 3. ROOT.       Intra module refs:   PowMeas_Init
           ENTRY                   ADDRESS         REF BY
           =====                   =======         ======
           _A_ADC10CTL2            0744 
           LOCAL                   ADDRESS         
           =====                   =======         
           ADC10CTL2               0744 
           ADC10CTL2_bit           0744 
    -------------------------------------------------------------------------
DATA16_AN
  Relative segment, address: 074A - 074B (0x2 bytes), align: 0
  Segment part 4. ROOT.       Intra module refs:   PowMeas_AdcGet
                                                   PowMeas_Init
           ENTRY                   ADDRESS         REF BY
           =====                   =======         ======
           _A_ADC10MCTL0           074A 
           LOCAL                   ADDRESS         
           =====                   =======         
           ADC10MCTL0              074A 
           ADC10MCTL0_bit          074A 
    -------------------------------------------------------------------------
DATA16_AN
  Relative segment, address: 0752 - 0753 (0x2 bytes), align: 0
  Segment part 5. ROOT.       Intra module refs:   PowMeas_AdcGet
           ENTRY                   ADDRESS         REF BY
           =====                   =======         ======
           ADC10MEM0               0752 
    -------------------------------------------------------------------------
DATA16_AN
  Relative segment, address: 075C - 075D (0x2 bytes), align: 0
  Segment part 6. ROOT.       Intra module refs:   PowMeas_AdcGet
           ENTRY                   ADDRESS         REF BY
           =====                   =======         ======
           _A_ADC10IFG             075C 
           LOCAL                   ADDRESS         
           =====                   =======         
           ADC10IFG                075C 
           ADC10IFG_bit            075C 
    -------------------------------------------------------------------------
DATA16_AN
  Relative segment, address: 0202 - 0202 (0x1 bytes), align: 0
  Segment part 7. ROOT.       Intra module refs:   PowMeas_GetTemp
                                                   PowMeas_Init
           ENTRY                   ADDRESS         REF BY
           =====                   =======         ======
           _A_P1OUT                0202 
           LOCAL                   ADDRESS         
           =====                   =======         
           P1OUT                   0202 
           P1OUT_bit               0202 
    -------------------------------------------------------------------------
DATA16_AN
  Relative segment, address: 0204 - 0204 (0x1 bytes), align: 0
  Segment part 8. ROOT.       Intra module refs:   PowMeas_Init
           ENTRY                   ADDRESS         REF BY
           =====                   =======         ======
           _A_P1DIR                0204 
           LOCAL                   ADDRESS         
           =====                   =======         
           P1DIR                   0204 
           P1DIR_bit               0204 
    -------------------------------------------------------------------------
DATA16_AN
  Relative segment, address: 0206 - 0206 (0x1 bytes), align: 0
  Segment part 9. ROOT.       Intra module refs:   PowMeas_Init
           ENTRY                   ADDRESS         REF BY
           =====                   =======         ======
           _A_P1REN                0206 
           LOCAL                   ADDRESS         
           =====                   =======         
           P1REN                   0206 
           P1REN_bit               0206 
    -------------------------------------------------------------------------
DATA16_AN
  Relative segment, address: 0208 - 0208 (0x1 bytes), align: 0
  Segment part 10. ROOT.      Intra module refs:   PowMeas_Init
           ENTRY                   ADDRESS         REF BY
           =====                   =======         ======
           _A_P1DS                 0208 
           LOCAL                   ADDRESS         
           =====                   =======         
           P1DS                    0208 
           P1DS_bit                0208 
    -------------------------------------------------------------------------
DATA16_AN
  Relative segment, address: 020A - 020A (0x1 bytes), align: 0
  Segment part 11. ROOT.      Intra module refs:   PowMeas_Init
           ENTRY                   ADDRESS         REF BY
           =====                   =======         ======
           _A_P1SEL                020A 
           LOCAL                   ADDRESS         
           =====                   =======         
           P1SEL                   020A 
           P1SEL_bit               020A 
    -------------------------------------------------------------------------
DATA16_AN
  Relative segment, address: 0243 - 0243 (0x1 bytes), align: 0
  Segment part 17. ROOT.      Intra module refs:   PowMeas_Init
           ENTRY                   ADDRESS         REF BY
           =====                   =======         ======
           _A_P6OUT                0243 
           LOCAL                   ADDRESS         
           =====                   =======         
           P6OUT                   0243 
           P6OUT_bit               0243 
    -------------------------------------------------------------------------
DATA16_AN
  Relative segment, address: 0245 - 0245 (0x1 bytes), align: 0
  Segment part 18. ROOT.      Intra module refs:   PowMeas_Init
           ENTRY                   ADDRESS         REF BY
           =====                   =======         ======
           _A_P6DIR                0245 
           LOCAL                   ADDRESS         
           =====                   =======         
           P6DIR                   0245 
           P6DIR_bit               0245 
    -------------------------------------------------------------------------
DATA16_AN
  Relative segment, address: 0247 - 0247 (0x1 bytes), align: 0
  Segment part 19. ROOT.      Intra module refs:   PowMeas_Init
           ENTRY                   ADDRESS         REF BY
           =====                   =======         ======
           _A_P6REN                0247 
           LOCAL                   ADDRESS         
           =====                   =======         
           P6REN                   0247 
           P6REN_bit               0247 
    -------------------------------------------------------------------------
DATA16_AN
  Relative segment, address: 0249 - 0249 (0x1 bytes), align: 0
  Segment part 20. ROOT.      Intra module refs:   PowMeas_Init
           ENTRY                   ADDRESS         REF BY
           =====                   =======         ======
           _A_P6DS                 0249 
           LOCAL                   ADDRESS         
           =====                   =======         
           P6DS                    0249 
           P6DS_bit                0249 
    -------------------------------------------------------------------------
DATA16_AN
  Relative segment, address: 024B - 024B (0x1 bytes), align: 0
  Segment part 21. ROOT.      Intra module refs:   PowMeas_Init
           ENTRY                   ADDRESS         REF BY
           =====                   =======         ======
           _A_P6SEL                024B 
           LOCAL                   ADDRESS         
           =====                   =======         
           P6SEL                   024B 
           P6SEL_bit               024B 
    -------------------------------------------------------------------------
DATA16_AN
  Relative segment, address: 01B0 - 01B1 (0x2 bytes), align: 0
  Segment part 22. ROOT.      Intra module refs:   PowMeas_Init
           ENTRY                   ADDRESS         REF BY
           =====                   =======         ======
           _A_REFCTL0              01B0 
           LOCAL                   ADDRESS         
           =====                   =======         
           REFCTL0                 01B0 
           REFCTL0_bit             01B0 
    -------------------------------------------------------------------------
<CODE> 1 (was CODE)
  Relative segment, address: DE56 - DEE3 (0x8e bytes), align: 1
  Segment part 28.
           ENTRY                   ADDRESS         REF BY
           =====                   =======         ======
           PowMeas_Init            DE56            main (main)
               CSTACK = 00000000 ( 00000004 )
    -------------------------------------------------------------------------
<CODE> 1 (was CODE)
  Relative segment, address: E5CE - E5F9 (0x2c bytes), align: 1
  Segment part 24.            Intra module refs:   PowMeas_GetTemp
           ENTRY                   ADDRESS         REF BY
           =====                   =======         ======
           PowMeas_AdcGet          E5CE 
               CSTACK = 00000000 ( 00000004 )
    -------------------------------------------------------------------------
<CODE> 1 (was CODE)
  Relative segment, address: E268 - E2BD (0x56 bytes), align: 1
  Segment part 25.
           ENTRY                   ADDRESS         REF BY
           =====                   =======         ======
           PowMeas_GetTemp         E268            SIM900_ReadSms (sim900)
               calls direct
               CSTACK = 00000000 ( 00000004 )

    *************************************************************************

  FILE NAME : D:\gsme2 firmware\Debug\Obj\sim900.r43
  PROGRAM MODULE, NAME : sim900

  SEGMENTS IN THE MODULE
  ======================
DATA16_AN
  Relative segment, address: 0201 - 0201 (0x1 bytes), align: 0
  Segment part 1. ROOT.       Intra module refs:   SIM900_GetStatus
           ENTRY                   ADDRESS         REF BY
           =====                   =======         ======
           _A_P2IN                 0201 
           LOCAL                   ADDRESS         
           =====                   =======         
           P2IN                    0201 
           P2IN_bit                0201 
    -------------------------------------------------------------------------
DATA16_AN
  Relative segment, address: 0223 - 0223 (0x1 bytes), align: 0
  Segment part 7. ROOT.       Intra module refs:   SIM900_PowerOff
                                                   SIM900_PowerOn
           ENTRY                   ADDRESS         REF BY
           =====                   =======         ======
           _A_P4OUT                0223 
           LOCAL                   ADDRESS         
           =====                   =======         
           P4OUT                   0223 
           P4OUT_bit               0223 
    -------------------------------------------------------------------------
DATA16_AN
  Relative segment, address: 0225 - 0225 (0x1 bytes), align: 0
  Segment part 8. ROOT.       Intra module refs:   SIM900_PowerOff
                                                   SIM900_PowerOn
           ENTRY                   ADDRESS         REF BY
           =====                   =======         ======
           _A_P4DIR                0225 
           LOCAL                   ADDRESS         
           =====                   =======         
           P4DIR                   0225 
           P4DIR_bit               0225 
    -------------------------------------------------------------------------
DATA16_C
  Relative segment, address: C435 - C43A (0x6 bytes), align: 0
  Segment part 12.            Intra module refs:   SIM900_ReInit
    -------------------------------------------------------------------------
DATA16_C
  Relative segment, address: C43B - C43D (0x3 bytes), align: 0
  Segment part 13.            Intra module refs:   SIM900_ReInit
                                                   SIM900_ReadSms
                                                   SIM900_SendSms
    -------------------------------------------------------------------------
DATA16_C
  Relative segment, address: C43E - C443 (0x6 bytes), align: 0
  Segment part 14.            Intra module refs:   SIM900_ReInit
                                                   SIM900_ReadSms
                                                   SIM900_SendSms
    -------------------------------------------------------------------------
DATA16_C
  Relative segment, address: C444 - C44E (0xb bytes), align: 0
  Segment part 15.            Intra module refs:   SIM900_ReInit
    -------------------------------------------------------------------------
DATA16_C
  Relative segment, address: C44F - C459 (0xb bytes), align: 0
  Segment part 16.            Intra module refs:   SIM900_ReInit
    -------------------------------------------------------------------------
DATA16_C
  Relative segment, address: C45A - C469 (0x10 bytes), align: 0
  Segment part 17.            Intra module refs:   SIM900_ReInit
    -------------------------------------------------------------------------
DATA16_C
  Relative segment, address: C46A - C47E (0x15 bytes), align: 0
  Segment part 18.            Intra module refs:   SIM900_ReInit
    -------------------------------------------------------------------------
DATA16_C
  Relative segment, address: C47F - C48B (0xd bytes), align: 0
  Segment part 19.            Intra module refs:   SIM900_ReInit
                                                   SIM900_ReadSms
    -------------------------------------------------------------------------
DATA16_C
  Relative segment, address: C48C - C496 (0xb bytes), align: 0
  Segment part 20.            Intra module refs:   SIM900_ReadSms
    -------------------------------------------------------------------------
DATA16_C
  Relative segment, address: C497 - C49F (0x9 bytes), align: 0
  Segment part 21.            Intra module refs:   SIM900_ReadSms
    -------------------------------------------------------------------------
DATA16_C
  Relative segment, address: C4A0 - C4A3 (0x4 bytes), align: 0
  Segment part 22.            Intra module refs:   SIM900_ReadSms
    -------------------------------------------------------------------------
DATA16_C
  Relative segment, address: C4A4 - C4AF (0xc bytes), align: 0
  Segment part 23.            Intra module refs:   SIM900_ReadSms
    -------------------------------------------------------------------------
DATA16_C
  Relative segment, address: C4B0 - C4B2 (0x3 bytes), align: 0
  Segment part 24.            Intra module refs:   SIM900_ReadSms
                                                   SIM900_SendSms
    -------------------------------------------------------------------------
DATA16_C
  Relative segment, address: C4B3 - C4BD (0xb bytes), align: 0
  Segment part 25.            Intra module refs:   SIM900_ReadSms
    -------------------------------------------------------------------------
DATA16_C
  Relative segment, address: C4BE - C4C0 (0x3 bytes), align: 0
  Segment part 26.            Intra module refs:   SIM900_ReadSms
    -------------------------------------------------------------------------
DATA16_C
  Relative segment, address: C4C1 - C4C9 (0x9 bytes), align: 0
  Segment part 27.            Intra module refs:   SIM900_ReadSms
    -------------------------------------------------------------------------
DATA16_C
  Relative segment, address: C4CA - C4D2 (0x9 bytes), align: 0
  Segment part 28.            Intra module refs:   SIM900_ReadSms
    -------------------------------------------------------------------------
DATA16_C
  Relative segment, address: C4D3 - C4DB (0x9 bytes), align: 0
  Segment part 29.            Intra module refs:   SIM900_ReadSms
    -------------------------------------------------------------------------
DATA16_C
  Relative segment, address: C4DC - C4E5 (0xa bytes), align: 0
  Segment part 30.            Intra module refs:   SIM900_SendSms
    -------------------------------------------------------------------------
DATA16_C
  Relative segment, address: C4E6 - C4E7 (0x2 bytes), align: 0
  Segment part 31.            Intra module refs:   SIM900_SendSms
    -------------------------------------------------------------------------
DATA16_C
  Relative segment, address: C4E8 - C4EF (0x8 bytes), align: 0
  Segment part 32.            Intra module refs:   SIM900_SendSms
    -------------------------------------------------------------------------
DATA16_C
  Relative segment, address: C4F0 - C4F2 (0x3 bytes), align: 0
  Segment part 33.            Intra module refs:   SIM900_SendSms
    -------------------------------------------------------------------------
DATA16_C
  Relative segment, address: C4F3 - C4FA (0x8 bytes), align: 0
  Segment part 34.            Intra module refs:   SIM900_SendSms
    -------------------------------------------------------------------------
DATA16_C
  Relative segment, address: C4FB - C502 (0x8 bytes), align: 0
  Segment part 35.            Intra module refs:   SIM900_CircularBuffer_ExtractTelNum
    -------------------------------------------------------------------------
DATA16_C
  Relative segment, address: C503 - C51F (0x1d bytes), align: 0
  Segment part 36.            Intra module refs:   SIM900_ReadSms
           LOCAL                   ADDRESS         
           =====                   =======         
           SIM900_SMS_CMD_ADD      C503 
    -------------------------------------------------------------------------
DATA16_C
  Relative segment, address: C520 - C538 (0x19 bytes), align: 0
  Segment part 37.            Intra module refs:   SIM900_ReadSms
           LOCAL                   ADDRESS         
           =====                   =======         
           SIM900_SMS_CMD_DEL      C520 
    -------------------------------------------------------------------------
DATA16_C
  Relative segment, address: C539 - C555 (0x1d bytes), align: 0
  Segment part 38.            Intra module refs:   SIM900_ReadSms
           LOCAL                   ADDRESS         
           =====                   =======         
           SIM900_SMS_CMD_CLEAN    C539 
    -------------------------------------------------------------------------
DATA16_C
  Relative segment, address: C556 - C56E (0x19 bytes), align: 0
  Segment part 39.            Intra module refs:   SIM900_ReadSms
           LOCAL                   ADDRESS         
           =====                   =======         
           SIM900_SMS_CMD_CLOSE    C556 
    -------------------------------------------------------------------------
DATA16_C
  Relative segment, address: C56F - C58B (0x1d bytes), align: 0
  Segment part 40.            Intra module refs:   SIM900_ReadSms
           LOCAL                   ADDRESS         
           =====                   =======         
           SIM900_SMS_CMD_CLOSE_   C56F 
    -------------------------------------------------------------------------
DATA16_C
  Relative segment, address: C58C - C5A4 (0x19 bytes), align: 0
  Segment part 41.            Intra module refs:   SIM900_ReadSms
           LOCAL                   ADDRESS         
           =====                   =======         
           SIM900_SMS_CMD_OPEN     C58C 
    -------------------------------------------------------------------------
DATA16_C
  Relative segment, address: C5A5 - C5C1 (0x1d bytes), align: 0
  Segment part 42.            Intra module refs:   SIM900_ReadSms
           LOCAL                   ADDRESS         
           =====                   =======         
           SIM900_SMS_CMD_OPEN_    C5A5 
    -------------------------------------------------------------------------
DATA16_C
  Relative segment, address: C5C2 - C5DE (0x1d bytes), align: 0
  Segment part 43.            Intra module refs:   SIM900_ReadSms
           LOCAL                   ADDRESS         
           =====                   =======         
           SIM900_SMS_CMD_CHECK    C5C2 
    -------------------------------------------------------------------------
DATA16_C
  Relative segment, address: C5DF - C5F3 (0x15 bytes), align: 0
  Segment part 44.            Intra module refs:   SIM900_ReadSms
           LOCAL                   ADDRESS         
           =====                   =======         
           SIM900_SMS_CMD_CHECK_BALANCE
                                   C5DF 
    -------------------------------------------------------------------------
DATA16_C
  Relative segment, address: C5F4 - C624 (0x31 bytes), align: 0
  Segment part 45.            Intra module refs:   SIM900_ReadSms
           LOCAL                   ADDRESS         
           =====                   =======         
           SIM900_SMS_CMD_SET_BALANCE
                                   C5F4 
    -------------------------------------------------------------------------
DATA16_C
  Relative segment, address: C625 - C641 (0x1d bytes), align: 0
  Segment part 46.            Intra module refs:   SIM900_ReadSms
           LOCAL                   ADDRESS         
           =====                   =======         
           SIM900_SMS_CMD_TURN_LOAD_ON
                                   C625 
    -------------------------------------------------------------------------
DATA16_C
  Relative segment, address: C642 - C662 (0x21 bytes), align: 0
  Segment part 47.            Intra module refs:   SIM900_ReadSms
           LOCAL                   ADDRESS         
           =====                   =======         
           SIM900_SMS_CMD_TURN_LOAD_OFF
                                   C642 
    -------------------------------------------------------------------------
DATA16_C
  Relative segment, address: C663 - C68B (0x29 bytes), align: 0
  Segment part 48.            Intra module refs:   SIM900_ReadSms
           LOCAL                   ADDRESS         
           =====                   =======         
           SIM900_SMS_CMD_TEMPERATURE
                                   C663 
    -------------------------------------------------------------------------
DATA16_C
  Relative segment, address: C68C - C6E4 (0x59 bytes), align: 0
  Segment part 49.            Intra module refs:   SIM900_ReadSms
           LOCAL                   ADDRESS         
           =====                   =======         
           SIM900_SMS_REPORT_ADD_OK
                                   C68C 
    -------------------------------------------------------------------------
DATA16_C
  Relative segment, address: C6E5 - C72D (0x49 bytes), align: 0
  Segment part 50.            Intra module refs:   SIM900_ReadSms
           LOCAL                   ADDRESS         
           =====                   =======         
           SIM900_SMS_REPORT_ADD_ALREADY_ADDED
                                   C6E5 
    -------------------------------------------------------------------------
DATA16_C
  Relative segment, address: C72E - C7A6 (0x79 bytes), align: 0
  Segment part 51.            Intra module refs:   SIM900_ReadSms
           LOCAL                   ADDRESS         
           =====                   =======         
           SIM900_SMS_REPORT_ADD_NO_MEMORY
                                   C72E 
    -------------------------------------------------------------------------
DATA16_C
  Relative segment, address: C7A7 - C7AF (0x9 bytes), align: 0
  Segment part 52.            Intra module refs:   SIM900_ReadSms
           LOCAL                   ADDRESS         
           =====                   =======         
           SIM900_SMS_REPORT_ADD_FLASH_ERROR
                                   C7A7 
    -------------------------------------------------------------------------
DATA16_C
  Relative segment, address: C7B0 - C7B8 (0x9 bytes), align: 0
  Segment part 53.            Intra module refs:   SIM900_ReadSms
           LOCAL                   ADDRESS         
           =====                   =======         
           SIM900_SMS_REPORT_ADD_FATAL_ERROR
                                   C7B0 
    -------------------------------------------------------------------------
DATA16_C
  Relative segment, address: C7B9 - C809 (0x51 bytes), align: 0
  Segment part 54.            Intra module refs:   SIM900_ReadSms
           LOCAL                   ADDRESS         
           =====                   =======         
           SIM900_SMS_REPORT_DEL_OK
                                   C7B9 
    -------------------------------------------------------------------------
DATA16_C
  Relative segment, address: C80A - C812 (0x9 bytes), align: 0
  Segment part 55.            Intra module refs:   SIM900_ReadSms
           LOCAL                   ADDRESS         
           =====                   =======         
           SIM900_SMS_REPORT_DEL_FLASH_ERROR
                                   C80A 
    -------------------------------------------------------------------------
DATA16_C
  Relative segment, address: C813 - C81B (0x9 bytes), align: 0
  Segment part 56.            Intra module refs:   SIM900_ReadSms
           LOCAL                   ADDRESS         
           =====                   =======         
           SIM900_SMS_REPORT_DEL_FATAL_ERROR
                                   C813 
    -------------------------------------------------------------------------
DATA16_C
  Relative segment, address: C81C - C864 (0x49 bytes), align: 0
  Segment part 57.            Intra module refs:   SIM900_ReadSms
           LOCAL                   ADDRESS         
           =====                   =======         
           SIM900_SMS_REPORT_CLEAN_OK
                                   C81C 
    -------------------------------------------------------------------------
DATA16_C
  Relative segment, address: C865 - C86D (0x9 bytes), align: 0
  Segment part 58.            Intra module refs:   SIM900_ReadSms
           LOCAL                   ADDRESS         
           =====                   =======         
           SIM900_SMS_REPORT_CLEAN_FLASH_ERROR
[...]
           TelDir_Del              DDC8            SIM900_ReadSms (sim900)
               calls direct
               CSTACK = 00000000 ( 0000000C )
    -------------------------------------------------------------------------
<CODE> 1 (was CODE)
  Relative segment, address: E49E - E4D5 (0x38 bytes), align: 1
  Segment part 7.
           ENTRY                   ADDRESS         REF BY
           =====                   =======         ======
           TelDir_FindTelNumber    E49E            SIM900_ReadSms (sim900)
               calls direct
               CSTACK = 00000000 ( 00000008 )
    -------------------------------------------------------------------------
<CODE> 1 (was CODE)
  Relative segment, address: E8CC - E8D1 (0x6 bytes), align: 1
  Segment part 6.
           ENTRY                   ADDRESS         REF BY
           =====                   =======         ======
           TelDir_Iterator_Init    E8CC            USCI_A0_ISR (msp430_uart)
                                                   main (main)
               CSTACK = 00000000 ( 00000004 )
    -------------------------------------------------------------------------
<CODE> 1 (was CODE)
  Relative segment, address: E4D6 - E509 (0x34 bytes), align: 1
  Segment part 5.
           ENTRY                   ADDRESS         REF BY
           =====                   =======         ======
           TelDir_GetNextTelNum    E4D6            USCI_A0_ISR (msp430_uart)
                                                   main (main)
               calls direct
               CSTACK = 00000000 ( 00000004 )
    -------------------------------------------------------------------------
<CODE> 1 (was CODE)
  Relative segment, address: E89C - E8A9 (0xe bytes), align: 1
  Segment part 4.
           ENTRY                   ADDRESS         REF BY
           =====                   =======         ======
           TelDir_isBalanceNumberSet
                                   E89C            SIM900_ReadSms (sim900)
               CSTACK = 00000000 ( 00000004 )
    -------------------------------------------------------------------------
<CODE> 1 (was CODE)
  Relative segment, address: E8D8 - E8DD (0x6 bytes), align: 1
  Segment part 3.
           ENTRY                   ADDRESS         REF BY
           =====                   =======         ======
           TelDir_NumItems         E8D8            USCI_A0_ISR (msp430_uart)
               CSTACK = 00000000 ( 00000004 )

    *************************************************************************

  FILE NAME : D:\gsme2 firmware\Debug\Obj\ucs2.r43
  PROGRAM MODULE, NAME : ucs2

  SEGMENTS IN THE MODULE
  ======================
DATA16_Z
  Relative segment, address: 29A4 - 29A8 (0x5 bytes), align: 0
  Segment part 2.             Intra module refs:   toUCS2
           LOCAL                   ADDRESS         
           =====                   =======         
           ucs2_rv                 29A4 
    -------------------------------------------------------------------------
<CODE> 1 (was CODE)
  Relative segment, address: E13E - E1A1 (0x64 bytes), align: 1
  Segment part 8.
           ENTRY                   ADDRESS         REF BY
           =====                   =======         ======
           strToCP1251             E13E            SIM900_ReadSms (sim900)
               calls direct
               CSTACK = 00000000 ( 00000010 )
    -------------------------------------------------------------------------
<CODE> 1 (was CODE)
  Relative segment, address: E2BE - E30B (0x4e bytes), align: 1
  Segment part 7.
           ENTRY                   ADDRESS         REF BY
           =====                   =======         ======
           strToUCS2               E2BE            USCI_A0_ISR (msp430_uart)
               calls direct
               CSTACK = 00000000 ( 00000010 )
    -------------------------------------------------------------------------
<CODE> 1 (was CODE)
  Relative segment, address: E0D6 - E13D (0x68 bytes), align: 1
  Segment part 6.             Intra module refs:   strToCP1251
           ENTRY                   ADDRESS         REF BY
           =====                   =======         ======
           toCP1251                E0D6 
               calls direct
               CSTACK = 00000000 ( 00000008 )
    -------------------------------------------------------------------------
<CODE> 1 (was CODE)
  Relative segment, address: E206 - E267 (0x62 bytes), align: 1
  Segment part 5.             Intra module refs:   strToUCS2
           ENTRY                   ADDRESS         REF BY
           =====                   =======         ======
           toUCS2                  E206 
               calls direct
               CSTACK = 00000000 ( 00000008 )
    -------------------------------------------------------------------------
<CODE> 1 (was CODE)
  Relative segment, address: E676 - E69D (0x28 bytes), align: 1
  Segment part 4.             Intra module refs:   toCP1251
           LOCAL                   ADDRESS         
           =====                   =======         
           hextodig                E676 
               CSTACK = 00000000 ( 00000004 )
    -------------------------------------------------------------------------
<CODE> 1 (was CODE)
  Relative segment, address: E6E4 - E705 (0x22 bytes), align: 1
  Segment part 3.             Intra module refs:   toUCS2
           LOCAL                   ADDRESS         
           =====                   =======         
           digtohex                E6E4 
               CSTACK = 00000000 ( 00000004 )

    *************************************************************************

  FILE NAME : C:\Program Files (x86)\IAR Systems\Embedded Workbench 6.0\430\LIB\DLIB\dl430xsfn.r43
  LIBRARY MODULE, NAME : ?__dbg_break

  SEGMENTS IN THE MODULE
  ======================
<CODE> 1 (was CODE)
  Relative segment, address: E8E6 - E8E7 (0x2 bytes), align: 1
  Segment part 2.
           ENTRY                   ADDRESS         REF BY
           =====                   =======         ======
           __DebugBreak            E8E6            __exit (?__exit)

    -------------------------------------------------------------------------
  LIBRARY MODULE, NAME : ?__exit

  SEGMENTS IN THE MODULE
  ======================
<CODE> 1 (was CODE)
  Relative segment, address: E806 - E81B (0x16 bytes), align: 1
  Segment part 2.
           ENTRY                   ADDRESS         REF BY
           =====                   =======         ======
           __exit                  E806            Segment part 6 (?_exit)
                                                   _exit (?_exit)
               calls direct

    -------------------------------------------------------------------------
  LIBRARY MODULE, NAME : ?_exit

  SEGMENTS IN THE MODULE
  ======================
<CODE> 1 (was CODE)
  Relative segment, address: E8DE, align: 1
  Segment part 0.
           ENTRY                   ADDRESS         REF BY
           =====                   =======         ======
           _exit                   E8DE            exit (?exit)
    -------------------------------------------------------------------------
<CODE> 1 (was CODE)
  Relative segment, address: E8DE - E8E1 (0x4 bytes), align: 1
  Segment part 6.             Intra module refs:   _exit

    -------------------------------------------------------------------------
  LIBRARY MODULE, NAME : ?cstart

  SEGMENTS IN THE MODULE
  ======================
CSTACK
  Relative segment, address: 3360, align: 1
  Segment part 1.
    -------------------------------------------------------------------------
DATA16_Z
  Relative segment, address: 2670, align: 1
  Segment part 2.
    -------------------------------------------------------------------------
CSTART
  Relative segment, address: CCE0 - CCE3 (0x4 bytes), align: 1
  Segment part 12.
           ENTRY                   ADDRESS         REF BY
           =====                   =======         ======
           __program_start         CCE0            ?reset_vector (?reset_vector)
                                                   Absolute parts (?ABS_ENTRY_MOD)
           ?cstart_begin           CCE0 
    -------------------------------------------------------------------------
CSTART
  Relative segment, address: CCE4 - CCEF (0xc bytes), align: 1
  Segment part 15.
           ENTRY                   ADDRESS         REF BY
           =====                   =======         ======
           ?cstart_init_zero       CCE4            CirBuf (msp430_uart)
                                                   CirBuf_Head (msp430_uart)
                                                   CirBuf_NumBytes (msp430_uart)
                                                   CirBuf_Tail (msp430_uart)
                                                   InPack (main)
                                                   OutPack (main)
                                                   Pool (smspool)
                                                   SMS_Balance (sim900)
                                                   SMS_Queue (sms_queue)
                                                   State (main)
                                                   USCI_A0_ISR::num_received_bytes (msp430_uart)
                                                   ucs2_rv (ucs2)
    -------------------------------------------------------------------------
CSTART
  Relative segment, address: CCF0 - CCF7 (0x8 bytes), align: 1
  Segment part 22.            Intra module refs:   Segment part 12
           ENTRY                   ADDRESS         REF BY
           =====                   =======         ======
           ?cstart_call_main       CCF0 
           ?cstart_end             CCF8 

    -------------------------------------------------------------------------
  LIBRARY MODULE, NAME : ?reset_vector

  SEGMENTS IN THE MODULE
  ======================
RESET
  Relative segment, address: FFFE - FFFF (0x2 bytes), align: 1
  Segment part 0.
           ENTRY                   ADDRESS         REF BY
           =====                   =======         ======
           ?reset_vector           FFFE            Segment part 12 (?cstart)

    -------------------------------------------------------------------------
  LIBRARY MODULE, NAME : ?exit

  SEGMENTS IN THE MODULE
  ======================
<CODE> 1 (was CODE)
  Relative segment, address: E8E2 - E8E5 (0x4 bytes), align: 1
  Segment part 2.
           ENTRY                   ADDRESS         REF BY
           =====                   =======         ======
           exit                    E8E2            Segment part 22 (?cstart)
               calls direct
               CSTACK = 00000000 ( 00000004 )

    -------------------------------------------------------------------------
  LIBRARY MODULE, NAME : ?DivMod816u

  SEGMENTS IN THE MODULE
  ======================
<CODE> 1 (was CODE)
  Relative segment, address: E788 - E7A3 (0x1c bytes), align: 1
  Segment part 0.
           ENTRY                   ADDRESS         REF BY
           =====                   =======         ======
           ?DivMod8u               E788            strToCP1251 (ucs2)
           ?DivMod16u              E78C            PowMeas_GetTemp (powmeas)
                                                   SIM900_CircularBuffer_ExtractBalanceNum (sim900)
                                                   Segment part 0 (?DivMod816s)
                                                   toUCS2 (ucs2)

    -------------------------------------------------------------------------
  LIBRARY MODULE, NAME : ?DivMod816s

  SEGMENTS IN THE MODULE
  ======================
<CODE> 1 (was CODE)
  Relative segment, address: E50A - E53D (0x34 bytes), align: 1
  Segment part 0.
           ENTRY                   ADDRESS         REF BY
           =====                   =======         ======
           ?DivMod8s               E50A            SIM900_ReadSms (sim900)
           ?DivMod16s              E50E 

    -------------------------------------------------------------------------
  LIBRARY MODULE, NAME : ?CopyMemoryBytes

  SEGMENTS IN THE MODULE
  ======================
<CODE> 1 (was CODE)
  Relative segment, address: E87C - E88B (0x10 bytes), align: 1
  Segment part 0.
           ENTRY                   ADDRESS         REF BY
           =====                   =======         ======
           ?CopyMemoryBytes        E87C            SIM900_CircularBuffer_ExtractTelNum (sim900)
                                                   SIM900_ReadSms (sim900)

    -------------------------------------------------------------------------
  LIBRARY MODULE, NAME : ?memzero

  SEGMENTS IN THE MODULE
  ======================
<CODE> 1 (was CODE)
  Relative segment, address: E858 - E869 (0x12 bytes), align: 1
  Segment part 4.
           ENTRY                   ADDRESS         REF BY
           =====                   =======         ======
           __data16_memzero        E858            ?cstart_init_zero (?cstart)
               CSTACK = 00000000 ( 00000004 )

    -------------------------------------------------------------------------
  LIBRARY MODULE, NAME : ?strcat

  SEGMENTS IN THE MODULE
  ======================
<CODE> 1 (was CODE)
  Relative segment, address: E7D6 - E7ED (0x18 bytes), align: 1
  Segment part 2.
           ENTRY                   ADDRESS         REF BY
           =====                   =======         ======
           strcat                  E7D6            SIM900_ReadSms (sim900)
               CSTACK = 00000000 ( 00000004 )

    -------------------------------------------------------------------------
  LIBRARY MODULE, NAME : ?strcmp

  SEGMENTS IN THE MODULE
  ======================
<CODE> 1 (was CODE)
  Relative segment, address: E74A - E769 (0x20 bytes), align: 1
  Segment part 2.
           ENTRY                   ADDRESS         REF BY
           =====                   =======         ======
           strcmp                  E74A            TelDir_Del (teldir)
                                                   TelDir_FindTelNumber (teldir)
                                                   TelDir_Push (teldir)
                                                   USCI_A0_ISR (msp430_uart)
               CSTACK = 00000000 ( 00000004 )

    -------------------------------------------------------------------------
  LIBRARY MODULE, NAME : ?strcpy

  SEGMENTS IN THE MODULE
  ======================
<CODE> 1 (was CODE)
  Relative segment, address: E88C - E89B (0x10 bytes), align: 1
  Segment part 2.
           ENTRY                   ADDRESS         REF BY
           =====                   =======         ======
           strcpy                  E88C            SIM900_ReadSms (sim900)
                                                   SMS_Queue_Pop (sms_queue)
                                                   SMS_Queue_Push (sms_queue)
                                                   TelDir_Del (teldir)
                                                   TelDir_GetNextTelNum (teldir)
                                                   TelDir_Push (teldir)
                                                   TelDir_SetBalanceNumber (teldir)
                                                   USCI_A0_ISR (msp430_uart)
               CSTACK = 00000000 ( 00000004 )

    -------------------------------------------------------------------------
  LIBRARY MODULE, NAME : ?strlen

  SEGMENTS IN THE MODULE
  ======================
<CODE> 1 (was CODE)
  Relative segment, address: E86A - E87B (0x12 bytes), align: 1
  Segment part 2.
           ENTRY                   ADDRESS         REF BY
           =====                   =======         ======
           strlen                  E86A            SIM900_ReadSms (sim900)
                                                   SIM900_SendStr (sim900)
                                                   USCI_A0_ISR (msp430_uart)
                                                   strToCP1251 (ucs2)
                                                   strToUCS2 (ucs2)
                                                   toCP1251 (ucs2)
               CSTACK = 00000000 ( 00000004 )




                ****************************************
                *                                      *
                *      SEGMENTS IN ADDRESS ORDER       *
                *                                      *
                ****************************************


SEGMENT              SPACE    START ADDRESS   END ADDRESS     SIZE  TYPE  ALIGN
=======              =====    =============   ===========     ====  ====  =====
DATA16_AN                              0140 - 0141               2   rel    0
                                       0144 - 0145               2 
                                       015C - 015D               2 
                                       0162 - 0167               6 
                                       01B0 - 01B1               2 
                                       0201 - 020B               B 
                                       0222 - 0226               5 
                                       0228 - 0228               1 
                                       022A - 022B               2 
                                       0242 - 024B               A 
                                       0340 - 0341               2 
                                       0350 - 0353               4 
                                       0360 - 0361               2 
                                       0380 - 0381               2 
                                       0390 - 0393               4 
                                       03A0 - 03A1               2 
                                       05C0 - 05C1               2 
                                       05C6 - 05C7               2 
                                       05CA - 05CA               1 
                                       05CC - 05CC               1 
                                       05CE - 05CE               1 
                                       05DC - 05DF               4 
                                       0600 - 0600               1 
                                       0606 - 0607               2 
                                       060C - 060C               1 
                                       060E - 060E               1 
                                       061C - 061F               4 
                                       0740 - 0745               6 
                                       074A - 074B               2 
                                       0752 - 0753               2 
                                       075C - 075D               2 
DATA16_I                                  2400                       dse    0
DATA16_Z                               2400 - 29A8             5A9   rel    1
DATA16_N                               29A9 - 2B9A             1F2   rel    0
CSTACK                                 3360 - 33FF              A0   rel    1
DATA16_C                               C000 - CCDF             CE0   rel    0
CSTART                                 CCE0 - CCF7              18   rel    1
ISR_CODE                               CCF8 - D0AF             3B8   rel    1
<CODE> 1                               D0B0 - E8E7            1838   rel    1
INTVEC                                 FF80 - FFF1              72   com    1
RESET                                  FFFE - FFFF               2   rel    1

                ****************************************
                *                                      *
                *        END OF CROSS REFERENCE        *
                *                                      *
                ****************************************

 7 292 bytes of CODE  memory
 2 107 bytes of DATA  memory (+ 91 absolute )
 3 296 bytes of CONST memory

Errors: none
Warnings: none

